jun 23 20:03:59 fedora kernel: Linux version 7.0.12-201.fc44.x86_64 (mockbuild@123ace7f6f514f9d982d88c1db4a8de8) (gcc (GCC) 16.1.1 20260515 (Red Hat 16.1.1-2), GNU ld version 2.46-3.fc44) #1 SMP PREEMPT_DYNAMIC Thu Jun 11 01:30:16 UTC 2026
jun 23 20:03:59 fedora kernel: Command line: BOOT_IMAGE=(hd0,gpt2)/vmlinuz-7.0.12-201.fc44.x86_64 root=UUID=00000000-0000-0000-0000-000000000001 ro rootflags=subvol=root00 rhgb quiet video=eDP-1:d drm.debug=0x1e
jun 23 20:03:59 fedora kernel: x86/split lock detection: #AC: crashing the kernel on kernel split_locks and warning on user-space split_locks
jun 23 20:03:59 fedora kernel: BIOS-provided physical RAM map:
jun 23 20:03:59 fedora kernel: BIOS-e820: [mem 0x0000000000000000-0x000000000009efff]  System RAM
jun 23 20:03:59 fedora kernel: BIOS-e820: [mem 0x000000000009f000-0x00000000000fffff]  device reserved
jun 23 20:03:59 fedora kernel: BIOS-e820: [mem 0x0000000000100000-0x000000006f051fff]  System RAM
jun 23 20:03:59 fedora kernel: BIOS-e820: [mem 0x000000006f052000-0x000000006f052fff]  ACPI NVS
jun 23 20:03:59 fedora kernel: BIOS-e820: [mem 0x000000006f053000-0x000000006f079fff]  System RAM
jun 23 20:03:59 fedora kernel: BIOS-e820: [mem 0x000000006f07a000-0x000000006f07afff]  device reserved
jun 23 20:03:59 fedora kernel: BIOS-e820: [mem 0x000000006f07b000-0x000000006f27cfff]  System RAM
jun 23 20:03:59 fedora kernel: BIOS-e820: [mem 0x000000006f27d000-0x0000000071749fff]  device reserved
jun 23 20:03:59 fedora kernel: BIOS-e820: [mem 0x000000007174a000-0x00000000717cdfff]  ACPI data
jun 23 20:03:59 fedora kernel: BIOS-e820: [mem 0x00000000717ce000-0x0000000071847fff]  ACPI NVS
jun 23 20:03:59 fedora kernel: BIOS-e820: [mem 0x0000000071848000-0x0000000071efefff]  device reserved
jun 23 20:03:59 fedora kernel: BIOS-e820: [mem 0x0000000071eff000-0x0000000071efffff]  System RAM
jun 23 20:03:59 fedora kernel: BIOS-e820: [mem 0x0000000071f00000-0x0000000079ffffff]  device reserved
jun 23 20:03:59 fedora kernel: BIOS-e820: [gap 0x000000007a000000-0x000000007adfffff]
jun 23 20:03:59 fedora kernel: BIOS-e820: [mem 0x000000007ae00000-0x000000007fffffff]  device reserved
jun 23 20:03:59 fedora kernel: BIOS-e820: [gap 0x0000000080000000-0x00000000bfffffff]
jun 23 20:03:59 fedora kernel: BIOS-e820: [mem 0x00000000c0000000-0x00000000cfffffff]  device reserved
jun 23 20:03:59 fedora kernel: BIOS-e820: [gap 0x00000000d0000000-0x00000000fdffffff]
jun 23 20:03:59 fedora kernel: BIOS-e820: [mem 0x00000000fe000000-0x00000000fe010fff]  device reserved
jun 23 20:03:59 fedora kernel: BIOS-e820: [gap 0x00000000fe011000-0x00000000febfffff]
jun 23 20:03:59 fedora kernel: BIOS-e820: [mem 0x00000000fec00000-0x00000000fec00fff]  device reserved
jun 23 20:03:59 fedora kernel: BIOS-e820: [gap 0x00000000fec01000-0x00000000fecfffff]
jun 23 20:03:59 fedora kernel: BIOS-e820: [mem 0x00000000fed00000-0x00000000fed00fff]  device reserved
jun 23 20:03:59 fedora kernel: BIOS-e820: [gap 0x00000000fed01000-0x00000000fed1ffff]
jun 23 20:03:59 fedora kernel: BIOS-e820: [mem 0x00000000fed20000-0x00000000fed7ffff]  device reserved
jun 23 20:03:59 fedora kernel: BIOS-e820: [gap 0x00000000fed80000-0x00000000fedfffff]
jun 23 20:03:59 fedora kernel: BIOS-e820: [mem 0x00000000fee00000-0x00000000fee00fff]  device reserved
jun 23 20:03:59 fedora kernel: BIOS-e820: [gap 0x00000000fee01000-0x00000000feffffff]
jun 23 20:03:59 fedora kernel: BIOS-e820: [mem 0x00000000ff000000-0x00000000ffffffff]  device reserved
jun 23 20:03:59 fedora kernel: BIOS-e820: [mem 0x0000000100000000-0x000000047fffffff]  System RAM
jun 23 20:03:59 fedora kernel: NX (Execute Disable) protection: active
jun 23 20:03:59 fedora kernel: APIC: Static calls initialized
jun 23 20:03:59 fedora kernel: efi: EFI v2.7 by American Megatrends
jun 23 20:03:59 fedora kernel: efi: ACPI=0x717cd000 ACPI 2.0=0x717cd014 SMBIOS=0x71ce2000 SMBIOS 3.0=0x71ce1000 MEMATTR=0x6aced018 ESRT=0x6c9e6c18 MOKvar=0x71a0d000 RNG=0x71763018 
jun 23 20:03:59 fedora kernel: random: crng init done
jun 23 20:03:59 fedora kernel: efi: Remove mem271: MMIO range=[0xc0000000-0xcfffffff] (256MB) from e820 map
jun 23 20:03:59 fedora kernel: e820: remove [mem 0xc0000000-0xcfffffff] device reserved
jun 23 20:03:59 fedora kernel: efi: Not removing mem272: MMIO range=[0xfe000000-0xfe010fff] (68KB) from e820 map
jun 23 20:03:59 fedora kernel: efi: Not removing mem273: MMIO range=[0xfec00000-0xfec00fff] (4KB) from e820 map
jun 23 20:03:59 fedora kernel: efi: Not removing mem274: MMIO range=[0xfed00000-0xfed00fff] (4KB) from e820 map
jun 23 20:03:59 fedora kernel: efi: Not removing mem276: MMIO range=[0xfee00000-0xfee00fff] (4KB) from e820 map
jun 23 20:03:59 fedora kernel: efi: Remove mem277: MMIO range=[0xff000000-0xffffffff] (16MB) from e820 map
jun 23 20:03:59 fedora kernel: e820: remove [mem 0xff000000-0xffffffff] device reserved
jun 23 20:03:59 fedora kernel: secureboot: Secure boot disabled
jun 23 20:03:59 fedora kernel: SMBIOS 3.2.0 present.
jun 23 20:03:59 fedora kernel: DMI: AMI Intel/Intel, BIOS V1.3_226 06/12/2023
jun 23 20:03:59 fedora kernel: DMI: Memory slots populated: 2/2
jun 23 20:03:59 fedora kernel: tsc: Detected 1200.000 MHz processor
jun 23 20:03:59 fedora kernel: tsc: Detected 1190.400 MHz TSC
jun 23 20:03:59 fedora kernel: e820: update [mem 0x00000000-0x00000fff] System RAM ==> device reserved
jun 23 20:03:59 fedora kernel: e820: remove [mem 0x000a0000-0x000fffff] System RAM
jun 23 20:03:59 fedora kernel: last_pfn = 0x480000 max_arch_pfn = 0x400000000
jun 23 20:03:59 fedora kernel: MTRR map: 5 entries (3 fixed + 2 variable; max 23), built from 10 variable MTRRs
jun 23 20:03:59 fedora kernel: x86/PAT: Configuration [0-7]: WB  WC  UC- UC  WB  WP  UC- WT  
jun 23 20:03:59 fedora kernel: last_pfn = 0x71f00 max_arch_pfn = 0x400000000
jun 23 20:03:59 fedora kernel: esrt: Reserving ESRT space from 0x000000006c9e6c18 to 0x000000006c9e6c50.
jun 23 20:03:59 fedora kernel: e820: update [mem 0x6c9e6000-0x6c9e6fff] System RAM ==> device reserved
jun 23 20:03:59 fedora kernel: Using GB pages for direct mapping
jun 23 20:03:59 fedora kernel: secureboot: Secure boot disabled
jun 23 20:03:59 fedora kernel: RAMDISK: [mem 0x6636d000-0x695d2fff]
jun 23 20:03:59 fedora kernel: ACPI: Early table checksum verification disabled
jun 23 20:03:59 fedora kernel: ACPI: RSDP 0x00000000717CD014 000024 (v02 ALASKA)
jun 23 20:03:59 fedora kernel: ACPI: XSDT 0x00000000717CC728 0000DC (v01 ALASKA A M I    01072009 AMI  01000013)
jun 23 20:03:59 fedora kernel: ACPI: FACP 0x00000000717C1000 000114 (v06 ALASKA A M I    01072009 AMI  00010013)
jun 23 20:03:59 fedora kernel: ACPI: DSDT 0x0000000071788000 038683 (v02 ALASKA A M I    01072009 INTL 20180927)
jun 23 20:03:59 fedora kernel: ACPI: FACS 0x0000000071847000 000040
jun 23 20:03:59 fedora kernel: ACPI: MCFG 0x00000000717CB000 00003C (v01 ALASKA A M I    01072009 MSFT 00000097)
jun 23 20:03:59 fedora kernel: ACPI: SSDT 0x00000000717C4000 006E3B (v02 INTEL  DptfTabl 00001000 INTL 20180927)
jun 23 20:03:59 fedora kernel: ACPI: SSDT 0x00000000717C2000 001B61 (v02 CpuRef CpuSsdt  00003000 INTL 20180927)
jun 23 20:03:59 fedora kernel: ACPI: FPDT 0x0000000071787000 000044 (v01 ALASKA A M I    01072009 AMI  00010013)
jun 23 20:03:59 fedora kernel: ACPI: FIDT 0x0000000071786000 00009C (v01 ALASKA A M I    01072009 AMI  00010013)
jun 23 20:03:59 fedora kernel: ACPI: MSDM 0x0000000071785000 000055 (v03 ALASKA A M I    01072009 AMI  01000013)
jun 23 20:03:59 fedora kernel: ACPI: SSDT 0x0000000071781000 0033E3 (v02 SaSsdt SaSsdt   00003000 INTL 20180927)
jun 23 20:03:59 fedora kernel: ACPI: SSDT 0x0000000071775000 00B27A (v02 INTEL  TcssSsdt 00001000 INTL 20180927)
jun 23 20:03:59 fedora kernel: ACPI: HPET 0x0000000071774000 000038 (v01 ALASKA A M I    01072009 AMI  01000013)
jun 23 20:03:59 fedora kernel: ACPI: SSDT 0x0000000071773000 000E74 (v02 ALASKA Ther_Rvp 00001000 INTL 20180927)
jun 23 20:03:59 fedora kernel: ACPI: SSDT 0x0000000071772000 000784 (v02 INTEL  xh_iynl4 00000001 INTL 20180927)
jun 23 20:03:59 fedora kernel: ACPI: NHLT 0x0000000071770000 001771 (v00 ALASKA A M I    01072009 AMI  01000013)
jun 23 20:03:59 fedora kernel: ACPI: LPIT 0x000000007176F000 000094 (v01 ALASKA A M I    01072009 AMI  01000013)
jun 23 20:03:59 fedora kernel: ACPI: SSDT 0x000000007176B000 002720 (v02 ALASKA PtidDevc 00001000 INTL 20180927)
jun 23 20:03:59 fedora kernel: ACPI: SSDT 0x000000007176A000 000FBB (v02 ALASKA TbtTypeC 00000000 INTL 20180927)
jun 23 20:03:59 fedora kernel: ACPI: DBGP 0x0000000071769000 000034 (v01 ALASKA A M I    01072009 AMI  01000013)
jun 23 20:03:59 fedora kernel: ACPI: DBG2 0x0000000071768000 000054 (v00 ALASKA A M I    01072009 AMI  01000013)
jun 23 20:03:59 fedora kernel: ACPI: SSDT 0x0000000071766000 000144 (v02 Intel  ADebTabl 00001000 INTL 20180927)
jun 23 20:03:59 fedora kernel: ACPI: BGRT 0x0000000071765000 000038 (v01 ALASKA A M I    01072009 AMI  00010013)
jun 23 20:03:59 fedora kernel: ACPI: DMAR 0x0000000071767000 0000A8 (v02 INTEL  EDK2     00000002      01000013)
jun 23 20:03:59 fedora kernel: ACPI: WSMT 0x000000007176E000 000028 (v01 ALASKA A M I    01072009 AMI  00010013)
jun 23 20:03:59 fedora kernel: ACPI: APIC 0x0000000071764000 0000BC (v04 ALASKA A M I    01072009 AMI  00010013)
jun 23 20:03:59 fedora kernel: ACPI: Reserving FACP table memory at [mem 0x717c1000-0x717c1113]
jun 23 20:03:59 fedora kernel: ACPI: Reserving DSDT table memory at [mem 0x71788000-0x717c0682]
jun 23 20:03:59 fedora kernel: ACPI: Reserving FACS table memory at [mem 0x71847000-0x7184703f]
jun 23 20:03:59 fedora kernel: ACPI: Reserving MCFG table memory at [mem 0x717cb000-0x717cb03b]
jun 23 20:03:59 fedora kernel: ACPI: Reserving SSDT table memory at [mem 0x717c4000-0x717cae3a]
jun 23 20:03:59 fedora kernel: ACPI: Reserving SSDT table memory at [mem 0x717c2000-0x717c3b60]
jun 23 20:03:59 fedora kernel: ACPI: Reserving FPDT table memory at [mem 0x71787000-0x71787043]
jun 23 20:03:59 fedora kernel: ACPI: Reserving FIDT table memory at [mem 0x71786000-0x7178609b]
jun 23 20:03:59 fedora kernel: ACPI: Reserving MSDM table memory at [mem 0x71785000-0x71785054]
jun 23 20:03:59 fedora kernel: ACPI: Reserving SSDT table memory at [mem 0x71781000-0x717843e2]
jun 23 20:03:59 fedora kernel: ACPI: Reserving SSDT table memory at [mem 0x71775000-0x71780279]
jun 23 20:03:59 fedora kernel: ACPI: Reserving HPET table memory at [mem 0x71774000-0x71774037]
jun 23 20:03:59 fedora kernel: ACPI: Reserving SSDT table memory at [mem 0x71773000-0x71773e73]
jun 23 20:03:59 fedora kernel: ACPI: Reserving SSDT table memory at [mem 0x71772000-0x71772783]
jun 23 20:03:59 fedora kernel: ACPI: Reserving NHLT table memory at [mem 0x71770000-0x71771770]
jun 23 20:03:59 fedora kernel: ACPI: Reserving LPIT table memory at [mem 0x7176f000-0x7176f093]
jun 23 20:03:59 fedora kernel: ACPI: Reserving SSDT table memory at [mem 0x7176b000-0x7176d71f]
jun 23 20:03:59 fedora kernel: ACPI: Reserving SSDT table memory at [mem 0x7176a000-0x7176afba]
jun 23 20:03:59 fedora kernel: ACPI: Reserving DBGP table memory at [mem 0x71769000-0x71769033]
jun 23 20:03:59 fedora kernel: ACPI: Reserving DBG2 table memory at [mem 0x71768000-0x71768053]
jun 23 20:03:59 fedora kernel: ACPI: Reserving SSDT table memory at [mem 0x71766000-0x71766143]
jun 23 20:03:59 fedora kernel: ACPI: Reserving BGRT table memory at [mem 0x71765000-0x71765037]
jun 23 20:03:59 fedora kernel: ACPI: Reserving DMAR table memory at [mem 0x71767000-0x717670a7]
jun 23 20:03:59 fedora kernel: ACPI: Reserving WSMT table memory at [mem 0x7176e000-0x7176e027]
jun 23 20:03:59 fedora kernel: ACPI: Reserving APIC table memory at [mem 0x71764000-0x717640bb]
jun 23 20:03:59 fedora kernel: No NUMA configuration found
jun 23 20:03:59 fedora kernel: Faking a node at [mem 0x0000000000000000-0x000000047fffffff]
jun 23 20:03:59 fedora kernel: NODE_DATA(0) allocated [mem 0x47ffd5280-0x47fffffff]
jun 23 20:03:59 fedora kernel: Reserving Intel graphics memory at [mem 0x7c000000-0x7fffffff]
jun 23 20:03:59 fedora kernel: ACPI: PM-Timer IO Port: 0x1808
jun 23 20:03:59 fedora kernel: ACPI: LAPIC_NMI (acpi_id[0x01] high edge lint[0x1])
jun 23 20:03:59 fedora kernel: ACPI: LAPIC_NMI (acpi_id[0x02] high edge lint[0x1])
jun 23 20:03:59 fedora kernel: ACPI: LAPIC_NMI (acpi_id[0x03] high edge lint[0x1])
jun 23 20:03:59 fedora kernel: ACPI: LAPIC_NMI (acpi_id[0x04] high edge lint[0x1])
jun 23 20:03:59 fedora kernel: ACPI: LAPIC_NMI (acpi_id[0x05] high edge lint[0x1])
jun 23 20:03:59 fedora kernel: ACPI: LAPIC_NMI (acpi_id[0x06] high edge lint[0x1])
jun 23 20:03:59 fedora kernel: ACPI: LAPIC_NMI (acpi_id[0x07] high edge lint[0x1])
jun 23 20:03:59 fedora kernel: ACPI: LAPIC_NMI (acpi_id[0x08] high edge lint[0x1])
jun 23 20:03:59 fedora kernel: IOAPIC[0]: apic_id 2, version 32, address 0xfec00000, GSI 0-119
jun 23 20:03:59 fedora kernel: ACPI: INT_SRC_OVR (bus 0 bus_irq 0 global_irq 2 dfl dfl)
jun 23 20:03:59 fedora kernel: ACPI: INT_SRC_OVR (bus 0 bus_irq 9 global_irq 9 high level)
jun 23 20:03:59 fedora kernel: ACPI: Using ACPI (MADT) for SMP configuration information
jun 23 20:03:59 fedora kernel: ACPI: HPET id: 0x8086a201 base: 0xfed00000
jun 23 20:03:59 fedora kernel: e820: update [mem 0x69dbc000-0x6a3aafff] System RAM ==> device reserved
jun 23 20:03:59 fedora kernel: TSC deadline timer available
jun 23 20:03:59 fedora kernel: CPU topo: Max. logical packages:   1
jun 23 20:03:59 fedora kernel: CPU topo: Max. logical nodes:      1
jun 23 20:03:59 fedora kernel: CPU topo: Num. nodes per package:  1
jun 23 20:03:59 fedora kernel: CPU topo: Max. logical dies:       1
jun 23 20:03:59 fedora kernel: CPU topo: Max. dies per package:   1
jun 23 20:03:59 fedora kernel: CPU topo: Max. threads per core:   2
jun 23 20:03:59 fedora kernel: CPU topo: Num. cores per package:     4
jun 23 20:03:59 fedora kernel: CPU topo: Num. threads per package:   8
jun 23 20:03:59 fedora kernel: CPU topo: Allowing 8 present CPUs plus 0 hotplug CPUs
jun 23 20:03:59 fedora kernel: PM: hibernation: Registered nosave memory: [mem 0x00000000-0x00000fff]
jun 23 20:03:59 fedora kernel: PM: hibernation: Registered nosave memory: [mem 0x0009f000-0x000fffff]
jun 23 20:03:59 fedora kernel: PM: hibernation: Registered nosave memory: [mem 0x69dbc000-0x6a3aafff]
jun 23 20:03:59 fedora kernel: PM: hibernation: Registered nosave memory: [mem 0x6c9e6000-0x6c9e6fff]
jun 23 20:03:59 fedora kernel: PM: hibernation: Registered nosave memory: [mem 0x6f052000-0x6f052fff]
jun 23 20:03:59 fedora kernel: PM: hibernation: Registered nosave memory: [mem 0x6f07a000-0x6f07afff]
jun 23 20:03:59 fedora kernel: PM: hibernation: Registered nosave memory: [mem 0x6f27d000-0x71efefff]
jun 23 20:03:59 fedora kernel: PM: hibernation: Registered nosave memory: [mem 0x71f00000-0xffffffff]
jun 23 20:03:59 fedora kernel: [gap 0x80000000-0xfdffffff] available for PCI devices
jun 23 20:03:59 fedora kernel: Booting paravirtualized kernel on bare hardware
jun 23 20:03:59 fedora kernel: clocksource: refined-jiffies: mask: 0xffffffff max_cycles: 0xffffffff, max_idle_ns: 1910969940391419 ns
jun 23 20:03:59 fedora kernel: Zone ranges:
jun 23 20:03:59 fedora kernel:   DMA      [mem 0x0000000000001000-0x0000000000ffffff]
jun 23 20:03:59 fedora kernel:   DMA32    [mem 0x0000000001000000-0x00000000ffffffff]
jun 23 20:03:59 fedora kernel:   Normal   [mem 0x0000000100000000-0x000000047fffffff]
jun 23 20:03:59 fedora kernel:   Device   empty
jun 23 20:03:59 fedora kernel: Movable zone start for each node
jun 23 20:03:59 fedora kernel: Early memory node ranges
jun 23 20:03:59 fedora kernel:   node   0: [mem 0x0000000000001000-0x000000000009efff]
jun 23 20:03:59 fedora kernel:   node   0: [mem 0x0000000000100000-0x000000006f051fff]
jun 23 20:03:59 fedora kernel:   node   0: [mem 0x000000006f053000-0x000000006f079fff]
jun 23 20:03:59 fedora kernel:   node   0: [mem 0x000000006f07b000-0x000000006f27cfff]
jun 23 20:03:59 fedora kernel:   node   0: [mem 0x0000000071eff000-0x0000000071efffff]
jun 23 20:03:59 fedora kernel:   node   0: [mem 0x0000000100000000-0x000000047fffffff]
jun 23 20:03:59 fedora kernel: Initmem setup node 0 [mem 0x0000000000001000-0x000000047fffffff]
jun 23 20:03:59 fedora kernel: On node 0, zone DMA: 1 pages in unavailable ranges
jun 23 20:03:59 fedora kernel: On node 0, zone DMA: 97 pages in unavailable ranges
jun 23 20:03:59 fedora kernel: On node 0, zone DMA32: 1 pages in unavailable ranges
jun 23 20:03:59 fedora kernel: On node 0, zone DMA32: 1 pages in unavailable ranges
jun 23 20:03:59 fedora kernel: On node 0, zone DMA32: 11394 pages in unavailable ranges
jun 23 20:03:59 fedora kernel: On node 0, zone Normal: 24832 pages in unavailable ranges
jun 23 20:03:59 fedora kernel: setup_percpu: NR_CPUS:8192 nr_cpumask_bits:8 nr_cpu_ids:8 nr_node_ids:1
jun 23 20:03:59 fedora kernel: percpu: Embedded 84 pages/cpu s221184 r8192 d114688 u524288
jun 23 20:03:59 fedora kernel: pcpu-alloc: s221184 r8192 d114688 u524288 alloc=1*2097152
jun 23 20:03:59 fedora kernel: pcpu-alloc: [0] 0 1 2 3 [0] 4 5 6 7 
jun 23 20:03:59 fedora kernel: Kernel command line: BOOT_IMAGE=(hd0,gpt2)/vmlinuz-7.0.12-201.fc44.x86_64 root=UUID=00000000-0000-0000-0000-000000000001 ro rootflags=subvol=root00 rhgb quiet video=eDP-1:d drm.debug=0x1e
jun 23 20:03:59 fedora kernel: Unknown kernel command line parameters "rhgb", will be passed to user space.
jun 23 20:03:59 fedora kernel: printk: log buffer data + meta data: 262144 + 1114112 = 1376256 bytes
jun 23 20:03:59 fedora kernel: Dentry cache hash table entries: 2097152 (order: 12, 16777216 bytes, linear)
jun 23 20:03:59 fedora kernel: Inode-cache hash table entries: 1048576 (order: 11, 8388608 bytes, linear)
jun 23 20:03:59 fedora kernel: software IO TLB: area num 8.
jun 23 20:03:59 fedora kernel: Fallback order for Node 0: 0 
jun 23 20:03:59 fedora kernel: Built 1 zonelists, mobility grouping on.  Total pages: 4125210
jun 23 20:03:59 fedora kernel: Policy zone: Normal
jun 23 20:03:59 fedora kernel: mem auto-init: stack:all(zero), heap alloc:on, heap free:off
jun 23 20:03:59 fedora kernel: SLUB: HWalign=64, Order=0-3, MinObjects=0, CPUs=8, Nodes=1
jun 23 20:03:59 fedora kernel: ftrace: allocating 63961 entries in 252 pages
jun 23 20:03:59 fedora kernel: ftrace: allocated 252 pages with 6 groups
jun 23 20:03:59 fedora kernel: Dynamic Preempt: lazy
jun 23 20:03:59 fedora kernel: rcu: Preemptible hierarchical RCU implementation.
jun 23 20:03:59 fedora kernel: rcu:         RCU event tracing is enabled.
jun 23 20:03:59 fedora kernel: rcu:         RCU restricting CPUs from NR_CPUS=8192 to nr_cpu_ids=8.
jun 23 20:03:59 fedora kernel:         Trampoline variant of Tasks RCU enabled.
jun 23 20:03:59 fedora kernel:         Rude variant of Tasks RCU enabled.
jun 23 20:03:59 fedora kernel:         Tracing variant of Tasks RCU enabled.
jun 23 20:03:59 fedora kernel: rcu: RCU calculated value of scheduler-enlistment delay is 100 jiffies.
jun 23 20:03:59 fedora kernel: rcu: Adjusting geometry for rcu_fanout_leaf=16, nr_cpu_ids=8
jun 23 20:03:59 fedora kernel: RCU Tasks: Setting shift to 3 and lim to 1 rcu_task_cb_adjust=1 rcu_task_cpu_ids=8.
jun 23 20:03:59 fedora kernel: RCU Tasks Rude: Setting shift to 3 and lim to 1 rcu_task_cb_adjust=1 rcu_task_cpu_ids=8.
jun 23 20:03:59 fedora kernel: NR_IRQS: 524544, nr_irqs: 2048, preallocated irqs: 16
jun 23 20:03:59 fedora kernel: rcu: srcu_init: Setting srcu_struct sizes based on contention.
jun 23 20:03:59 fedora kernel: kfence: initialized - using 2097152 bytes for 255 objects at 0x(____ptrval____)-0x(____ptrval____)
jun 23 20:03:59 fedora kernel: Console: colour dummy device 80x25
jun 23 20:03:59 fedora kernel: printk: legacy console [tty0] enabled
jun 23 20:03:59 fedora kernel: ACPI: Core revision 20251212
jun 23 20:03:59 fedora kernel: hpet: HPET dysfunctional in PC10. Force disabled.
jun 23 20:03:59 fedora kernel: APIC: Switch to symmetric I/O mode setup
jun 23 20:03:59 fedora kernel: DMAR: Host address width 39
jun 23 20:03:59 fedora kernel: DMAR: DRHD base: 0x000000fed90000 flags: 0x0
jun 23 20:03:59 fedora kernel: DMAR: dmar0: reg_base_addr fed90000 ver 4:0 cap 1c0000c40660462 ecap 49e2ff0505e
jun 23 20:03:59 fedora kernel: DMAR: DRHD base: 0x000000fed91000 flags: 0x1
jun 23 20:03:59 fedora kernel: DMAR: dmar1: reg_base_addr fed91000 ver 1:0 cap d2008c40660462 ecap f050da
jun 23 20:03:59 fedora kernel: DMAR: RMRR base: 0x00000071a74000 end: 0x00000071cbdfff
jun 23 20:03:59 fedora kernel: DMAR: RMRR base: 0x0000007b800000 end: 0x0000007fffffff
jun 23 20:03:59 fedora kernel: DMAR-IR: IOAPIC id 2 under DRHD base  0xfed91000 IOMMU 1
jun 23 20:03:59 fedora kernel: DMAR-IR: HPET id 0 under DRHD base 0xfed91000
jun 23 20:03:59 fedora kernel: DMAR-IR: x2apic is disabled because BIOS sets x2apic opt out bit.
jun 23 20:03:59 fedora kernel: DMAR-IR: Use 'intremap=no_x2apic_optout' to override the BIOS setting.
jun 23 20:03:59 fedora kernel: DMAR-IR: Enabled IRQ remapping in xapic mode
jun 23 20:03:59 fedora kernel: x2apic: IRQ remapping doesn't support X2APIC mode
jun 23 20:03:59 fedora kernel: clocksource: tsc-early: mask: 0xffffffffffffffff max_cycles: 0x1128af0325d, max_idle_ns: 440795261011 ns
jun 23 20:03:59 fedora kernel: Calibrating delay loop (skipped), value calculated using timer frequency.. 2380.80 BogoMIPS (lpj=1190400)
jun 23 20:03:59 fedora kernel: x86/cpu: SGX disabled or unsupported by BIOS.
jun 23 20:03:59 fedora kernel: CPU0: Thermal monitoring enabled (TM1)
jun 23 20:03:59 fedora kernel: x86/cpu: User Mode Instruction Prevention (UMIP) activated
jun 23 20:03:59 fedora kernel: Last level iTLB entries: 4KB 0, 2MB 0, 4MB 0
jun 23 20:03:59 fedora kernel: Last level dTLB entries: 4KB 0, 2MB 0, 4MB 0, 1GB 0
jun 23 20:03:59 fedora kernel: process: using mwait in idle threads
jun 23 20:03:59 fedora kernel: mitigations: Enabled attack vectors: user_kernel, user_user, guest_host, guest_guest, SMT mitigations: auto
jun 23 20:03:59 fedora kernel: Speculative Store Bypass: Mitigation: Speculative Store Bypass disabled via prctl
jun 23 20:03:59 fedora kernel: SRBDS: Mitigation: Microcode
jun 23 20:03:59 fedora kernel: Spectre V2 : Mitigation: Enhanced / Automatic IBRS
jun 23 20:03:59 fedora kernel: RETBleed: Mitigation: Enhanced IBRS
jun 23 20:03:59 fedora kernel: ITS: Mitigation: Aligned branch/return thunks
jun 23 20:03:59 fedora kernel: MMIO Stale Data: Mitigation: Clear CPU buffers
jun 23 20:03:59 fedora kernel: Spectre V1 : Mitigation: usercopy/swapgs barriers and __user pointer sanitization
jun 23 20:03:59 fedora kernel: Spectre V2 : Spectre v2 / PBRSB-eIBRS: Retire a single CALL on VMEXIT
jun 23 20:03:59 fedora kernel: Spectre V2 : mitigation: Enabling conditional Indirect Branch Prediction Barrier
jun 23 20:03:59 fedora kernel: GDS: Mitigation: Microcode
jun 23 20:03:59 fedora kernel: active return thunk: its_return_thunk
jun 23 20:03:59 fedora kernel: Spectre V2 : Spectre BHI mitigation: SW BHB clearing on syscall and VM exit
jun 23 20:03:59 fedora kernel: x86/fpu: Supporting XSAVE feature 0x001: 'x87 floating point registers'
jun 23 20:03:59 fedora kernel: x86/fpu: Supporting XSAVE feature 0x002: 'SSE registers'
jun 23 20:03:59 fedora kernel: x86/fpu: Supporting XSAVE feature 0x004: 'AVX registers'
jun 23 20:03:59 fedora kernel: x86/fpu: Supporting XSAVE feature 0x020: 'AVX-512 opmask'
jun 23 20:03:59 fedora kernel: x86/fpu: Supporting XSAVE feature 0x040: 'AVX-512 Hi256'
jun 23 20:03:59 fedora kernel: x86/fpu: Supporting XSAVE feature 0x080: 'AVX-512 ZMM_Hi256'
jun 23 20:03:59 fedora kernel: x86/fpu: Supporting XSAVE feature 0x200: 'Protection Keys User registers'
jun 23 20:03:59 fedora kernel: x86/fpu: xstate_offset[2]:  576, xstate_sizes[2]:  256
jun 23 20:03:59 fedora kernel: x86/fpu: xstate_offset[5]:  832, xstate_sizes[5]:   64
jun 23 20:03:59 fedora kernel: x86/fpu: xstate_offset[6]:  896, xstate_sizes[6]:  512
jun 23 20:03:59 fedora kernel: x86/fpu: xstate_offset[7]: 1408, xstate_sizes[7]: 1024
jun 23 20:03:59 fedora kernel: x86/fpu: xstate_offset[9]: 2432, xstate_sizes[9]:    8
jun 23 20:03:59 fedora kernel: x86/fpu: Enabled xstate features 0x2e7, context size is 2440 bytes, using 'compacted' format.
jun 23 20:03:59 fedora kernel: Freeing SMP alternatives memory: 56K
jun 23 20:03:59 fedora kernel: pid_max: default: 32768 minimum: 301
jun 23 20:03:59 fedora kernel: Yama: becoming mindful.
jun 23 20:03:59 fedora kernel: SELinux:  Initializing.
jun 23 20:03:59 fedora kernel: LSM support for eBPF active
jun 23 20:03:59 fedora kernel: landlock: Up and running.
jun 23 20:03:59 fedora kernel: Mount-cache hash table entries: 32768 (order: 6, 262144 bytes, linear)
jun 23 20:03:59 fedora kernel: Mountpoint-cache hash table entries: 32768 (order: 6, 262144 bytes, linear)
jun 23 20:03:59 fedora kernel: VFS: Finished mounting rootfs on nullfs
jun 23 20:03:59 fedora kernel: smpboot: CPU0: Intel(R) Core(TM) i7-1060NG7 CPU @ 1.20GHz (family: 0x6, model: 0x7e, stepping: 0x5)
jun 23 20:03:59 fedora kernel: Performance Events: PEBS fmt4+-baseline,  AnyThread deprecated, Icelake events, 32-deep LBR, full-width counters, Intel PMU driver.
jun 23 20:03:59 fedora kernel: ... version:                   5
jun 23 20:03:59 fedora kernel: ... bit width:                 48
jun 23 20:03:59 fedora kernel: ... generic counters:          8
jun 23 20:03:59 fedora kernel: ... generic bitmap:            00000000000000ff
jun 23 20:03:59 fedora kernel: ... fixed-purpose counters:    4
jun 23 20:03:59 fedora kernel: ... fixed-purpose bitmap:      000000000000000f
jun 23 20:03:59 fedora kernel: ... value mask:                0000ffffffffffff
jun 23 20:03:59 fedora kernel: ... max period:                00007fffffffffff
jun 23 20:03:59 fedora kernel: ... global_ctrl mask:          0001000f000000ff
jun 23 20:03:59 fedora kernel: signal: max sigframe size: 3632
jun 23 20:03:59 fedora kernel: Estimated ratio of average max frequency by base frequency (times 1024): 2901
jun 23 20:03:59 fedora kernel: rcu: Hierarchical SRCU implementation.
jun 23 20:03:59 fedora kernel: rcu:         Max phase no-delay instances is 400.
jun 23 20:03:59 fedora kernel: Timer migration: 1 hierarchy levels; 8 children per group; 1 crossnode level
jun 23 20:03:59 fedora kernel: NMI watchdog: Enabled. Permanently consumes one hw-PMU counter.
jun 23 20:03:59 fedora kernel: smp: Bringing up secondary CPUs ...
jun 23 20:03:59 fedora kernel: smpboot: x86: Booting SMP configuration:
jun 23 20:03:59 fedora kernel: .... node  #0, CPUs:      #1 #2 #3 #4 #5 #6 #7
jun 23 20:03:59 fedora kernel: MMIO Stale Data CPU bug present and SMT on, data leak possible. See https://www.kernel.org/doc/html/latest/admin-guide/hw-vuln/processor_mmio_stale_data.html for more details.
jun 23 20:03:59 fedora kernel: smp: Brought up 1 node, 8 CPUs
jun 23 20:03:59 fedora kernel: smpboot: Total of 8 processors activated (19046.40 BogoMIPS)
jun 23 20:03:59 fedora kernel: Memory: 15918872K/16500840K available (24049K kernel code, 4785K rwdata, 17948K rodata, 5248K init, 4432K bss, 556616K reserved, 0K cma-reserved)
jun 23 20:03:59 fedora kernel: devtmpfs: initialized
jun 23 20:03:59 fedora kernel: x86/mm: Memory block size: 128MB
jun 23 20:03:59 fedora kernel: ACPI: PM: Registering ACPI NVS region [mem 0x6f052000-0x6f052fff] (4096 bytes)
jun 23 20:03:59 fedora kernel: ACPI: PM: Registering ACPI NVS region [mem 0x717ce000-0x71847fff] (499712 bytes)
jun 23 20:03:59 fedora kernel: clocksource: jiffies: mask: 0xffffffff max_cycles: 0xffffffff, max_idle_ns: 1911260446275000 ns
jun 23 20:03:59 fedora kernel: posixtimers hash table entries: 4096 (order: 4, 65536 bytes, linear)
jun 23 20:03:59 fedora kernel: futex hash table entries: 2048 (131072 bytes on 1 NUMA nodes, total 128 KiB, linear).
jun 23 20:03:59 fedora kernel: PM: RTC time: 23:03:59, date: 2026-06-23
jun 23 20:03:59 fedora kernel: NET: Registered PF_NETLINK/PF_ROUTE protocol family
jun 23 20:03:59 fedora kernel: DMA: preallocated 2048 KiB GFP_KERNEL pool for atomic allocations
jun 23 20:03:59 fedora kernel: DMA: preallocated 2048 KiB GFP_KERNEL|GFP_DMA pool for atomic allocations
jun 23 20:03:59 fedora kernel: DMA: preallocated 2048 KiB GFP_KERNEL|GFP_DMA32 pool for atomic allocations
jun 23 20:03:59 fedora kernel: audit: initializing netlink subsys (disabled)
jun 23 20:03:59 fedora kernel: audit: type=2000 audit(1782255839.012:1): state=initialized audit_enabled=0 res=1
jun 23 20:03:59 fedora kernel: thermal_sys: Registered thermal governor 'fair_share'
jun 23 20:03:59 fedora kernel: thermal_sys: Registered thermal governor 'bang_bang'
jun 23 20:03:59 fedora kernel: thermal_sys: Registered thermal governor 'step_wise'
jun 23 20:03:59 fedora kernel: thermal_sys: Registered thermal governor 'user_space'
jun 23 20:03:59 fedora kernel: cpuidle: using governor menu
jun 23 20:03:59 fedora kernel: efi: Freeing EFI boot services memory: 78400K
jun 23 20:03:59 fedora kernel: acpiphp: ACPI Hot Plug PCI Controller Driver version: 0.5
jun 23 20:03:59 fedora kernel: PCI: ECAM [mem 0xc0000000-0xcfffffff] (base 0xc0000000) for domain 0000 [bus 00-ff]
jun 23 20:03:59 fedora kernel: PCI: Using configuration type 1 for base access
jun 23 20:03:59 fedora kernel: kprobes: kprobe jump-optimization is enabled. All kprobes are optimized if possible.
jun 23 20:03:59 fedora kernel: HugeTLB: registered 1.00 GiB page size, pre-allocated 0 pages
jun 23 20:03:59 fedora kernel: HugeTLB: 16380 KiB vmemmap can be freed for a 1.00 GiB page
jun 23 20:03:59 fedora kernel: HugeTLB: registered 2.00 MiB page size, pre-allocated 0 pages
jun 23 20:03:59 fedora kernel: HugeTLB: 28 KiB vmemmap can be freed for a 2.00 MiB page
jun 23 20:03:59 fedora kernel: raid6: skipped pq benchmark and selected avx512x4
jun 23 20:03:59 fedora kernel: raid6: using avx512x2 recovery algorithm
jun 23 20:03:59 fedora kernel: ACPI: Added _OSI(Module Device)
jun 23 20:03:59 fedora kernel: ACPI: Added _OSI(Processor Device)
jun 23 20:03:59 fedora kernel: ACPI: Added _OSI(Processor Aggregator Device)
jun 23 20:03:59 fedora kernel: ACPI: 10 ACPI AML tables successfully acquired and loaded
jun 23 20:03:59 fedora kernel: ACPI: \_SB_: platform _OSC: OS support mask [006e7eff]
jun 23 20:03:59 fedora kernel: ACPI: \_SB_: platform _OSC: OS control mask [0000003b]
jun 23 20:03:59 fedora kernel: ACPI: Dynamic OEM Table Load:
jun 23 20:03:59 fedora kernel: ACPI: SSDT 0xFFFF8B89002E8C00 000394 (v02 PmRef  Cpu0Cst  00003001 INTL 20180927)
jun 23 20:03:59 fedora kernel: ACPI: Dynamic OEM Table Load:
jun 23 20:03:59 fedora kernel: ACPI: SSDT 0xFFFF8B89002EE400 000371 (v02 PmRef  Cpu0Ist  00003000 INTL 20180927)
jun 23 20:03:59 fedora kernel: ACPI: Dynamic OEM Table Load:
jun 23 20:03:59 fedora kernel: ACPI: SSDT 0xFFFF8B89029A4600 0000F4 (v02 PmRef  Cpu0Psd  00003000 INTL 20180927)
jun 23 20:03:59 fedora kernel: ACPI: Dynamic OEM Table Load:
jun 23 20:03:59 fedora kernel: ACPI: SSDT 0xFFFF8B8901A4C800 0005FC (v02 PmRef  ApIst    00003000 INTL 20180927)
jun 23 20:03:59 fedora kernel: ACPI: Dynamic OEM Table Load:
jun 23 20:03:59 fedora kernel: ACPI: SSDT 0xFFFF8B89002E8400 000317 (v02 PmRef  ApHwp    00003000 INTL 20180927)
jun 23 20:03:59 fedora kernel: ACPI: Dynamic OEM Table Load:
jun 23 20:03:59 fedora kernel: ACPI: SSDT 0xFFFF8B8901A54000 000AB0 (v02 PmRef  ApPsd    00003000 INTL 20180927)
jun 23 20:03:59 fedora kernel: ACPI: Dynamic OEM Table Load:
jun 23 20:03:59 fedora kernel: ACPI: SSDT 0xFFFF8B89002EDC00 00030A (v02 PmRef  ApCst    00003000 INTL 20180927)
jun 23 20:03:59 fedora kernel: ACPI: Interpreter enabled
jun 23 20:03:59 fedora kernel: ACPI: PM: (supports S0 S3 S4 S5)
jun 23 20:03:59 fedora kernel: ACPI: Using IOAPIC for interrupt routing
jun 23 20:03:59 fedora kernel: PCI: Using host bridge windows from ACPI; if necessary, use "pci=nocrs" and report a bug
jun 23 20:03:59 fedora kernel: PCI: Ignoring E820 reservations for host bridge windows
jun 23 20:03:59 fedora kernel: ACPI: Enabled 7 GPEs in block 00 to 7F
jun 23 20:03:59 fedora kernel: ACPI BIOS Error (bug): Could not resolve symbol [\_SB.UBTC.RUCC], AE_NOT_FOUND (20251212/psargs-332)
jun 23 20:03:59 fedora kernel: ACPI Error: Aborting method \_SB.PCI0.XHC.RHUB.HS01._PLD due to previous error (AE_NOT_FOUND) (20251212/psparse-529)
jun 23 20:03:59 fedora kernel: ACPI BIOS Error (bug): Could not resolve symbol [\_SB.UBTC.RUCC], AE_NOT_FOUND (20251212/psargs-332)
jun 23 20:03:59 fedora kernel: ACPI Error: Aborting method \_SB.PCI0.XHC.RHUB.HS02._PLD due to previous error (AE_NOT_FOUND) (20251212/psparse-529)
jun 23 20:03:59 fedora kernel: ACPI: \_SB_.PCI0.SAT0.VOL0.V0PR: New power resource
jun 23 20:03:59 fedora kernel: ACPI: \_SB_.PCI0.SAT0.VOL1.V1PR: New power resource
jun 23 20:03:59 fedora kernel: ACPI: \_SB_.PCI0.SAT0.VOL2.V2PR: New power resource
jun 23 20:03:59 fedora kernel: ACPI: \_SB_.PCI0.CNVW.WRST: New power resource
jun 23 20:03:59 fedora kernel: ACPI: \_SB_.PCI0.TBT0: New power resource
jun 23 20:03:59 fedora kernel: ACPI: \_SB_.PCI0.TBT1: New power resource
jun 23 20:03:59 fedora kernel: ACPI BIOS Error (bug): Could not resolve symbol [\_SB.UBTC.RUCC], AE_NOT_FOUND (20251212/psargs-332)
jun 23 20:03:59 fedora kernel: ACPI Error: Aborting method \_SB.PCI0.TXHC.RHUB.SS01._PLD due to previous error (AE_NOT_FOUND) (20251212/psparse-529)
jun 23 20:03:59 fedora kernel: ACPI BIOS Error (bug): Could not resolve symbol [\_SB.UBTC.RUCC], AE_NOT_FOUND (20251212/psargs-332)
jun 23 20:03:59 fedora kernel: ACPI Error: Aborting method \_SB.PCI0.TXHC.RHUB.SS02._PLD due to previous error (AE_NOT_FOUND) (20251212/psparse-529)
jun 23 20:03:59 fedora kernel: ACPI: \_TZ_.FN00: New power resource
jun 23 20:03:59 fedora kernel: ACPI: \_TZ_.FN01: New power resource
jun 23 20:03:59 fedora kernel: ACPI: \_TZ_.FN02: New power resource
jun 23 20:03:59 fedora kernel: ACPI: \_TZ_.FN03: New power resource
jun 23 20:03:59 fedora kernel: ACPI: \_TZ_.FN04: New power resource
jun 23 20:03:59 fedora kernel: ACPI: \PIN_: New power resource
jun 23 20:03:59 fedora kernel: ACPI: PCI Root Bridge [PCI0] (domain 0000 [bus 00-fe])
jun 23 20:03:59 fedora kernel: acpi PNP0A08:00: _OSC: OS supports [ExtendedConfig ASPM ClockPM Segments MSI EDR HPX-Type3]
jun 23 20:03:59 fedora kernel: acpi PNP0A08:00: _OSC: OS now controls [PCIeHotplug SHPCHotplug PME AER PCIeCapability LTR DPC]
jun 23 20:03:59 fedora kernel: PCI host bridge to bus 0000:00
jun 23 20:03:59 fedora kernel: pci_bus 0000:00: root bus resource [io  0x0000-0x0cf7 window]
jun 23 20:03:59 fedora kernel: pci_bus 0000:00: root bus resource [io  0x0d00-0xffff window]
jun 23 20:03:59 fedora kernel: pci_bus 0000:00: root bus resource [mem 0x000a0000-0x000bffff window]
jun 23 20:03:59 fedora kernel: pci_bus 0000:00: root bus resource [mem 0x000e0000-0x000fffff window]
jun 23 20:03:59 fedora kernel: pci_bus 0000:00: root bus resource [mem 0x80000000-0xbfffffff window]
jun 23 20:03:59 fedora kernel: pci_bus 0000:00: root bus resource [mem 0x4000000000-0x7fffffffff window]
jun 23 20:03:59 fedora kernel: pci_bus 0000:00: root bus resource [bus 00-fe]
jun 23 20:03:59 fedora kernel: pci 0000:00:00.0: [8086:8a16] type 00 class 0x060000 conventional PCI endpoint
jun 23 20:03:59 fedora kernel: pci 0000:00:02.0: [8086:8a51] type 00 class 0x030000 PCIe Root Complex Integrated Endpoint
jun 23 20:03:59 fedora kernel: pci 0000:00:02.0: BAR 0 [mem 0x6000000000-0x6000ffffff 64bit]
jun 23 20:03:59 fedora kernel: pci 0000:00:02.0: BAR 2 [mem 0x4000000000-0x400fffffff 64bit pref]
jun 23 20:03:59 fedora kernel: pci 0000:00:02.0: BAR 4 [io  0x5000-0x503f]
jun 23 20:03:59 fedora kernel: pci 0000:00:02.0: DMAR: Skip IOMMU disabling for graphics
jun 23 20:03:59 fedora kernel: pci 0000:00:02.0: Video device with shadowed ROM at [mem 0x000c0000-0x000dffff]
jun 23 20:03:59 fedora kernel: pci 0000:00:04.0: [8086:8a03] type 00 class 0x118000 conventional PCI endpoint
jun 23 20:03:59 fedora kernel: pci 0000:00:04.0: BAR 0 [mem 0x6001110000-0x600111ffff 64bit]
jun 23 20:03:59 fedora kernel: pci 0000:00:14.0: [8086:38ed] type 00 class 0x0c0330 conventional PCI endpoint
jun 23 20:03:59 fedora kernel: pci 0000:00:14.0: BAR 0 [mem 0x6001100000-0x600110ffff 64bit]
jun 23 20:03:59 fedora kernel: pci 0000:00:14.0: PME# supported from D3hot D3cold
jun 23 20:03:59 fedora kernel: pci 0000:00:14.2: [8086:38ef] type 00 class 0x050000 conventional PCI endpoint
jun 23 20:03:59 fedora kernel: pci 0000:00:14.2: BAR 0 [mem 0x6001124000-0x6001125fff 64bit]
jun 23 20:03:59 fedora kernel: pci 0000:00:14.2: BAR 2 [mem 0x6001128000-0x6001128fff 64bit]
jun 23 20:03:59 fedora kernel: pci 0000:00:16.0: [8086:38e0] type 00 class 0x078000 conventional PCI endpoint
jun 23 20:03:59 fedora kernel: pci 0000:00:16.0: BAR 0 [mem 0x6001127000-0x6001127fff 64bit]
jun 23 20:03:59 fedora kernel: pci 0000:00:16.0: PME# supported from D3hot
jun 23 20:03:59 fedora kernel: pci 0000:00:1c.0: [8086:38b8] type 01 class 0x060400 PCIe Root Port
jun 23 20:03:59 fedora kernel: pci 0000:00:1c.0: PCI bridge to [bus 01]
jun 23 20:03:59 fedora kernel: pci 0000:00:1c.0:   bridge window [io  0x4000-0x4fff]
jun 23 20:03:59 fedora kernel: pci 0000:00:1c.0:   bridge window [mem 0x80300000-0x803fffff]
jun 23 20:03:59 fedora kernel: pci 0000:00:1c.0: PME# supported from D0 D3hot D3cold
jun 23 20:03:59 fedora kernel: pci 0000:00:1c.0: PTM enabled (root), 4ns granularity
jun 23 20:03:59 fedora kernel: pci 0000:00:1c.2: [8086:38ba] type 01 class 0x060400 PCIe Root Port
jun 23 20:03:59 fedora kernel: pci 0000:00:1c.2: PCI bridge to [bus 02]
jun 23 20:03:59 fedora kernel: pci 0000:00:1c.2:   bridge window [mem 0x80200000-0x802fffff]
jun 23 20:03:59 fedora kernel: pci 0000:00:1c.2: PME# supported from D0 D3hot D3cold
jun 23 20:03:59 fedora kernel: pci 0000:00:1c.2: PTM enabled (root), 4ns granularity
jun 23 20:03:59 fedora kernel: pci 0000:00:1c.3: [8086:38bb] type 01 class 0x060400 PCIe Root Port
jun 23 20:03:59 fedora kernel: pci 0000:00:1c.3: PCI bridge to [bus 03]
jun 23 20:03:59 fedora kernel: pci 0000:00:1c.3:   bridge window [io  0x3000-0x3fff]
jun 23 20:03:59 fedora kernel: pci 0000:00:1c.3:   bridge window [mem 0x80100000-0x801fffff]
jun 23 20:03:59 fedora kernel: pci 0000:00:1c.3: PME# supported from D0 D3hot D3cold
jun 23 20:03:59 fedora kernel: pci 0000:00:1c.3: PTM enabled (root), 4ns granularity
jun 23 20:03:59 fedora kernel: pci 0000:00:1c.4: [8086:38bc] type 01 class 0x060400 PCIe Root Port
jun 23 20:03:59 fedora kernel: pci 0000:00:1c.4: PCI bridge to [bus 04]
jun 23 20:03:59 fedora kernel: pci 0000:00:1c.4:   bridge window [mem 0x80000000-0x800fffff]
jun 23 20:03:59 fedora kernel: pci 0000:00:1c.4: PME# supported from D0 D3hot D3cold
jun 23 20:03:59 fedora kernel: pci 0000:00:1c.4: PTM enabled (root), 4ns granularity
jun 23 20:03:59 fedora kernel: pci 0000:00:1f.0: [8086:3887] type 00 class 0x060100 conventional PCI endpoint
jun 23 20:03:59 fedora kernel: pci 0000:00:1f.3: [8086:38c8] type 00 class 0x040300 conventional PCI endpoint
jun 23 20:03:59 fedora kernel: pci 0000:00:1f.3: BAR 0 [mem 0x6001120000-0x6001123fff 64bit]
jun 23 20:03:59 fedora kernel: pci 0000:00:1f.3: BAR 4 [mem 0x6001000000-0x60010fffff 64bit]
jun 23 20:03:59 fedora kernel: pci 0000:00:1f.3: PME# supported from D3hot D3cold
jun 23 20:03:59 fedora kernel: pci 0000:00:1f.4: [8086:38a3] type 00 class 0x0c0500 conventional PCI endpoint
jun 23 20:03:59 fedora kernel: pci 0000:00:1f.4: BAR 0 [mem 0x6001126000-0x60011260ff 64bit]
jun 23 20:03:59 fedora kernel: pci 0000:00:1f.4: BAR 4 [io  0xefa0-0xefbf]
jun 23 20:03:59 fedora kernel: pci 0000:00:1f.5: [8086:38a4] type 00 class 0x0c8000 conventional PCI endpoint
jun 23 20:03:59 fedora kernel: pci 0000:00:1f.5: BAR 0 [mem 0xfe010000-0xfe010fff]
jun 23 20:03:59 fedora kernel: pci 0000:01:00.0: [10ec:8168] type 00 class 0x020000 PCIe Endpoint
jun 23 20:03:59 fedora kernel: pci 0000:01:00.0: BAR 0 [io  0x4000-0x40ff]
jun 23 20:03:59 fedora kernel: pci 0000:01:00.0: BAR 2 [mem 0x80304000-0x80304fff 64bit]
jun 23 20:03:59 fedora kernel: pci 0000:01:00.0: BAR 4 [mem 0x80300000-0x80303fff 64bit]
jun 23 20:03:59 fedora kernel: pci 0000:01:00.0: supports D1 D2
jun 23 20:03:59 fedora kernel: pci 0000:01:00.0: PME# supported from D0 D1 D2 D3hot D3cold
jun 23 20:03:59 fedora kernel: pci 0000:00:1c.0: PCI bridge to [bus 01]
jun 23 20:03:59 fedora kernel: pci 0000:02:00.0: [2646:5017] type 00 class 0x010802 PCIe Endpoint
jun 23 20:03:59 fedora kernel: pci 0000:02:00.0: BAR 0 [mem 0x80200000-0x80203fff 64bit]
jun 23 20:03:59 fedora kernel: pci 0000:02:00.0: 7.876 Gb/s available PCIe bandwidth, limited by 8.0 GT/s PCIe x1 link at 0000:00:1c.2 (capable of 63.012 Gb/s with 16.0 GT/s PCIe x4 link)
jun 23 20:03:59 fedora kernel: pci 0000:00:1c.2: PCI bridge to [bus 02]
jun 23 20:03:59 fedora kernel: pci 0000:03:00.0: [10ec:b852] type 00 class 0x028000 PCIe Endpoint
jun 23 20:03:59 fedora kernel: pci 0000:03:00.0: BAR 0 [io  0x3000-0x30ff]
jun 23 20:03:59 fedora kernel: pci 0000:03:00.0: BAR 2 [mem 0x80100000-0x801fffff 64bit]
jun 23 20:03:59 fedora kernel: pci 0000:03:00.0: PME# supported from D0 D3hot D3cold
jun 23 20:03:59 fedora kernel: pci 0000:00:1c.3: PCI bridge to [bus 03]
jun 23 20:03:59 fedora kernel: pci 0000:04:00.0: [1e4b:1202] type 00 class 0x010802 PCIe Endpoint
jun 23 20:03:59 fedora kernel: pci 0000:04:00.0: BAR 0 [mem 0x80000000-0x80003fff 64bit]
jun 23 20:03:59 fedora kernel: pci 0000:04:00.0: PME# supported from D0 D3hot D3cold
jun 23 20:03:59 fedora kernel: pci 0000:00:1c.4: PCI bridge to [bus 04]
jun 23 20:03:59 fedora kernel: ACPI: PCI: Interrupt link LNKA configured for IRQ 0
jun 23 20:03:59 fedora kernel: ACPI: PCI: Interrupt link LNKB configured for IRQ 1
jun 23 20:03:59 fedora kernel: ACPI: PCI: Interrupt link LNKC configured for IRQ 0
jun 23 20:03:59 fedora kernel: ACPI: PCI: Interrupt link LNKD configured for IRQ 0
jun 23 20:03:59 fedora kernel: ACPI: PCI: Interrupt link LNKE configured for IRQ 0
jun 23 20:03:59 fedora kernel: ACPI: PCI: Interrupt link LNKF configured for IRQ 0
jun 23 20:03:59 fedora kernel: ACPI: PCI: Interrupt link LNKG configured for IRQ 0
jun 23 20:03:59 fedora kernel: ACPI: PCI: Interrupt link LNKH configured for IRQ 0
jun 23 20:03:59 fedora kernel: iommu: Default domain type: Translated
jun 23 20:03:59 fedora kernel: iommu: DMA domain TLB invalidation policy: lazy mode
jun 23 20:03:59 fedora kernel: SCSI subsystem initialized
jun 23 20:03:59 fedora kernel: libata version 3.00 loaded.
jun 23 20:03:59 fedora kernel: ACPI: bus type USB registered
jun 23 20:03:59 fedora kernel: usbcore: registered new interface driver usbfs
jun 23 20:03:59 fedora kernel: usbcore: registered new interface driver hub
jun 23 20:03:59 fedora kernel: usbcore: registered new device driver usb
jun 23 20:03:59 fedora kernel: pps_core: LinuxPPS API ver. 1 registered
jun 23 20:03:59 fedora kernel: pps_core: Software ver. 5.3.6 - Copyright 2005-2007 Rodolfo Giometti <giometti@linux.it>
jun 23 20:03:59 fedora kernel: PTP clock support registered
jun 23 20:03:59 fedora kernel: EDAC MC: Ver: 3.0.0
jun 23 20:03:59 fedora kernel: efivars: Registered efivars operations
jun 23 20:03:59 fedora kernel: NetLabel: Initializing
jun 23 20:03:59 fedora kernel: NetLabel:  domain hash size = 128
jun 23 20:03:59 fedora kernel: NetLabel:  protocols = UNLABELED CIPSOv4 CALIPSO
jun 23 20:03:59 fedora kernel: NetLabel:  unlabeled traffic allowed by default
jun 23 20:03:59 fedora kernel: mctp: management component transport protocol core
jun 23 20:03:59 fedora kernel: NET: Registered PF_MCTP protocol family
jun 23 20:03:59 fedora kernel: PCI: Using ACPI for IRQ routing
jun 23 20:03:59 fedora kernel: PCI: pci_cache_line_size set to 64 bytes
jun 23 20:03:59 fedora kernel: pci 0000:00:1f.5: BAR 0 [mem 0xfe010000-0xfe010fff]: can't claim; no compatible bridge window
jun 23 20:03:59 fedora kernel: e820: register RAM buffer resource [mem 0x0009f000-0x0009ffff]
jun 23 20:03:59 fedora kernel: e820: register RAM buffer resource [mem 0x69dbc000-0x6bffffff]
jun 23 20:03:59 fedora kernel: e820: register RAM buffer resource [mem 0x6c9e6000-0x6fffffff]
jun 23 20:03:59 fedora kernel: e820: register RAM buffer resource [mem 0x6f052000-0x6fffffff]
jun 23 20:03:59 fedora kernel: e820: register RAM buffer resource [mem 0x6f07a000-0x6fffffff]
jun 23 20:03:59 fedora kernel: e820: register RAM buffer resource [mem 0x6f27d000-0x6fffffff]
jun 23 20:03:59 fedora kernel: e820: register RAM buffer resource [mem 0x71f00000-0x73ffffff]
jun 23 20:03:59 fedora kernel: pci 0000:00:02.0: vgaarb: setting as boot VGA device
jun 23 20:03:59 fedora kernel: pci 0000:00:02.0: vgaarb: bridge control possible
jun 23 20:03:59 fedora kernel: pci 0000:00:02.0: vgaarb: VGA device added: decodes=io+mem,owns=io+mem,locks=none
jun 23 20:03:59 fedora kernel: vgaarb: loaded
jun 23 20:03:59 fedora kernel: Monitor-Mwait will be used to enter C-1 state
jun 23 20:03:59 fedora kernel: Monitor-Mwait will be used to enter C-2 state
jun 23 20:03:59 fedora kernel: Monitor-Mwait will be used to enter C-3 state
jun 23 20:03:59 fedora kernel: clocksource: Switched to clocksource tsc-early
jun 23 20:03:59 fedora kernel: VFS: Disk quotas dquot_6.6.0
jun 23 20:03:59 fedora kernel: VFS: Dquot-cache hash table entries: 512 (order 0, 4096 bytes)
jun 23 20:03:59 fedora kernel: acpi PNP0C02:00: Skipped [io  0x002e-0x002f]
jun 23 20:03:59 fedora kernel: acpi PNP0C02:00: Skipped [io  0x004e-0x004f]
jun 23 20:03:59 fedora kernel: acpi PNP0C02:00: Skipped [io  0x0061]
jun 23 20:03:59 fedora kernel: acpi PNP0C02:00: Skipped [io  0x0063]
jun 23 20:03:59 fedora kernel: acpi PNP0C02:00: Skipped [io  0x0065]
jun 23 20:03:59 fedora kernel: acpi PNP0C02:00: Skipped [io  0x0067]
jun 23 20:03:59 fedora kernel: acpi PNP0C02:00: Skipped [io  0x0070]
jun 23 20:03:59 fedora kernel: acpi PNP0C02:00: Skipped [io  0x0080]
jun 23 20:03:59 fedora kernel: acpi PNP0C02:00: Skipped [io  0x0092]
jun 23 20:03:59 fedora kernel: acpi PNP0C02:00: Skipped [io  0x00b2-0x00b3]
jun 23 20:03:59 fedora kernel: acpi PNP0C02:00: Reserved [io  0x0680-0x069f]
jun 23 20:03:59 fedora kernel: acpi PNP0C02:00: Reserved [io  0x164e-0x164f]
jun 23 20:03:59 fedora kernel: acpi PNP0C02:01: Reserved [mem 0xfed10000-0xfed17fff]
jun 23 20:03:59 fedora kernel: acpi PNP0C02:01: Reserved [mem 0xfeda0000-0xfeda0fff]
jun 23 20:03:59 fedora kernel: acpi PNP0C02:01: Reserved [mem 0xfeda1000-0xfeda1fff]
jun 23 20:03:59 fedora kernel: acpi PNP0C02:01: Reserved [mem 0xc0000000-0xcfffffff]
jun 23 20:03:59 fedora kernel: acpi PNP0C02:01: Reserved [mem 0xfed20000-0xfed7ffff]
jun 23 20:03:59 fedora kernel: acpi PNP0C02:01: Could not reserve [mem 0xfed90000-0xfed93fff]
jun 23 20:03:59 fedora kernel: acpi PNP0C02:01: Could not reserve [mem 0xfee00000-0xfeefffff]
jun 23 20:03:59 fedora kernel: acpi PNP0C02:02: Reserved [mem 0xfd000000-0xfd68ffff]
jun 23 20:03:59 fedora kernel: acpi PNP0C02:02: Reserved [mem 0xfd6b0000-0xfd6cffff]
jun 23 20:03:59 fedora kernel: acpi PNP0C02:02: Reserved [mem 0xfd6f0000-0xfdffffff]
jun 23 20:03:59 fedora kernel: acpi PNP0C02:02: Could not reserve [mem 0xfe000000-0xfe01ffff]
jun 23 20:03:59 fedora kernel: acpi PNP0C02:02: Reserved [mem 0xfe200000-0xfe7fffff]
jun 23 20:03:59 fedora kernel: acpi PNP0C02:02: Reserved [mem 0xff000000-0xffffffff]
jun 23 20:03:59 fedora kernel: acpi PNP0C02:02: Could not reserve [io  0x1800-0x18fe]
jun 23 20:03:59 fedora kernel: acpi PNP0C02:03: Reserved [io  0x2000-0x20fe]
jun 23 20:03:59 fedora kernel: acpi PNP0C02:04: Reserved [mem 0xfd6e0000-0xfd6effff]
jun 23 20:03:59 fedora kernel: acpi PNP0C02:04: Reserved [mem 0xfd6d0000-0xfd6dffff]
jun 23 20:03:59 fedora kernel: acpi PNP0C02:04: Reserved [mem 0xfd6a0000-0xfd6affff]
jun 23 20:03:59 fedora kernel: acpi PNP0C02:04: Reserved [mem 0xfd690000-0xfd69ffff]
jun 23 20:03:59 fedora kernel: acpi PNP0C02:05: Reserved [mem 0xfe038000-0xfe038fff]
jun 23 20:03:59 fedora kernel: pnp: PnP ACPI init
jun 23 20:03:59 fedora kernel: pnp: PnP ACPI: found 0 devices
jun 23 20:03:59 fedora kernel: clocksource: acpi_pm: mask: 0xffffff max_cycles: 0xffffff, max_idle_ns: 2085701024 ns
jun 23 20:03:59 fedora kernel: NET: Registered PF_INET protocol family
jun 23 20:03:59 fedora kernel: IP idents hash table entries: 262144 (order: 9, 2097152 bytes, linear)
jun 23 20:03:59 fedora kernel: tcp_listen_portaddr_hash hash table entries: 8192 (order: 5, 131072 bytes, linear)
jun 23 20:03:59 fedora kernel: Table-perturb hash table entries: 65536 (order: 6, 262144 bytes, linear)
jun 23 20:03:59 fedora kernel: TCP established hash table entries: 131072 (order: 8, 1048576 bytes, linear)
jun 23 20:03:59 fedora kernel: TCP bind hash table entries: 65536 (order: 9, 2097152 bytes, linear)
jun 23 20:03:59 fedora kernel: TCP: Hash tables configured (established 131072 bind 65536)
jun 23 20:03:59 fedora kernel: MPTCP token hash table entries: 16384 (order: 7, 393216 bytes, linear)
jun 23 20:03:59 fedora kernel: UDP hash table entries: 8192 (order: 7, 524288 bytes, linear)
jun 23 20:03:59 fedora kernel: UDP-Lite hash table entries: 8192 (order: 7, 524288 bytes, linear)
jun 23 20:03:59 fedora kernel: NET: Registered PF_UNIX/PF_LOCAL protocol family
jun 23 20:03:59 fedora kernel: NET: Registered PF_XDP protocol family
jun 23 20:03:59 fedora kernel: pci 0000:00:1f.5: BAR 0 [mem 0x80400000-0x80400fff]: assigned
jun 23 20:03:59 fedora kernel: pci 0000:00:1c.0: PCI bridge to [bus 01]
jun 23 20:03:59 fedora kernel: pci 0000:00:1c.0:   bridge window [io  0x4000-0x4fff]
jun 23 20:03:59 fedora kernel: pci 0000:00:1c.0:   bridge window [mem 0x80300000-0x803fffff]
jun 23 20:03:59 fedora kernel: pci 0000:00:1c.2: PCI bridge to [bus 02]
jun 23 20:03:59 fedora kernel: pci 0000:00:1c.2:   bridge window [mem 0x80200000-0x802fffff]
jun 23 20:03:59 fedora kernel: pci 0000:00:1c.3: PCI bridge to [bus 03]
jun 23 20:03:59 fedora kernel: pci 0000:00:1c.3:   bridge window [io  0x3000-0x3fff]
jun 23 20:03:59 fedora kernel: pci 0000:00:1c.3:   bridge window [mem 0x80100000-0x801fffff]
jun 23 20:03:59 fedora kernel: pci 0000:00:1c.4: PCI bridge to [bus 04]
jun 23 20:03:59 fedora kernel: pci 0000:00:1c.4:   bridge window [mem 0x80000000-0x800fffff]
jun 23 20:03:59 fedora kernel: pci_bus 0000:00: resource 4 [io  0x0000-0x0cf7 window]
jun 23 20:03:59 fedora kernel: pci_bus 0000:00: resource 5 [io  0x0d00-0xffff window]
jun 23 20:03:59 fedora kernel: pci_bus 0000:00: resource 6 [mem 0x000a0000-0x000bffff window]
jun 23 20:03:59 fedora kernel: pci_bus 0000:00: resource 7 [mem 0x000e0000-0x000fffff window]
jun 23 20:03:59 fedora kernel: pci_bus 0000:00: resource 8 [mem 0x80000000-0xbfffffff window]
jun 23 20:03:59 fedora kernel: pci_bus 0000:00: resource 9 [mem 0x4000000000-0x7fffffffff window]
jun 23 20:03:59 fedora kernel: pci_bus 0000:01: resource 0 [io  0x4000-0x4fff]
jun 23 20:03:59 fedora kernel: pci_bus 0000:01: resource 1 [mem 0x80300000-0x803fffff]
jun 23 20:03:59 fedora kernel: pci_bus 0000:02: resource 1 [mem 0x80200000-0x802fffff]
jun 23 20:03:59 fedora kernel: pci_bus 0000:03: resource 0 [io  0x3000-0x3fff]
jun 23 20:03:59 fedora kernel: pci_bus 0000:03: resource 1 [mem 0x80100000-0x801fffff]
jun 23 20:03:59 fedora kernel: pci_bus 0000:04: resource 1 [mem 0x80000000-0x800fffff]
jun 23 20:03:59 fedora kernel: PCI: CLS 64 bytes, default 64
jun 23 20:03:59 fedora kernel: PCI-DMA: Using software bounce buffering for IO (SWIOTLB)
jun 23 20:03:59 fedora kernel: software IO TLB: mapped [mem 0x000000006236d000-0x000000006636d000] (64MB)
jun 23 20:03:59 fedora kernel: clocksource: tsc: mask: 0xffffffffffffffff max_cycles: 0x1128af0325d, max_idle_ns: 440795261011 ns
jun 23 20:03:59 fedora kernel: clocksource: Switched to clocksource tsc
jun 23 20:03:59 fedora kernel: platform rtc_cmos: registered platform RTC device (no PNP device found)
jun 23 20:03:59 fedora kernel: Trying to unpack rootfs image as initramfs...
jun 23 20:03:59 fedora kernel: Initialise system trusted keyrings
jun 23 20:03:59 fedora kernel: Key type blacklist registered
jun 23 20:03:59 fedora kernel: workingset: timestamp_bits=36 max_order=22 bucket_order=0
jun 23 20:03:59 fedora kernel: integrity: Platform Keyring initialized
jun 23 20:03:59 fedora kernel: integrity: Machine keyring initialized
jun 23 20:03:59 fedora kernel: cryptd: max_cpu_qlen set to 1000
jun 23 20:03:59 fedora kernel: NET: Registered PF_ALG protocol family
jun 23 20:03:59 fedora kernel: xor: automatically using best checksumming function   avx       
jun 23 20:03:59 fedora kernel: Key type asymmetric registered
jun 23 20:03:59 fedora kernel: Asymmetric key parser 'x509' registered
jun 23 20:03:59 fedora kernel: Block layer SCSI generic (bsg) driver version 0.4 loaded (major 244)
jun 23 20:03:59 fedora kernel: io scheduler mq-deadline registered
jun 23 20:03:59 fedora kernel: io scheduler kyber registered
jun 23 20:03:59 fedora kernel: io scheduler bfq registered
jun 23 20:03:59 fedora kernel: atomic64_test: passed for x86-64 platform with CX8 and with SSE
jun 23 20:03:59 fedora kernel: pcieport 0000:00:1c.0: PME: Signaling with IRQ 120
jun 23 20:03:59 fedora kernel: pcieport 0000:00:1c.0: AER: enabled with IRQ 120
jun 23 20:03:59 fedora kernel: pcieport 0000:00:1c.0: DPC: enabled with IRQ 120
jun 23 20:03:59 fedora kernel: pcieport 0000:00:1c.0: DPC: error containment capabilities: Int Msg #0, RPExt+ PoisonedTLP+ SwTrigger+ RP PIO Log 4, DL_ActiveErr+
jun 23 20:03:59 fedora kernel: pcieport 0000:00:1c.2: PME: Signaling with IRQ 121
jun 23 20:03:59 fedora kernel: pcieport 0000:00:1c.2: AER: enabled with IRQ 121
jun 23 20:03:59 fedora kernel: pcieport 0000:00:1c.2: DPC: enabled with IRQ 121
jun 23 20:03:59 fedora kernel: pcieport 0000:00:1c.2: DPC: error containment capabilities: Int Msg #0, RPExt+ PoisonedTLP+ SwTrigger+ RP PIO Log 4, DL_ActiveErr+
jun 23 20:03:59 fedora kernel: pcieport 0000:00:1c.3: PME: Signaling with IRQ 122
jun 23 20:03:59 fedora kernel: pcieport 0000:00:1c.3: AER: enabled with IRQ 122
jun 23 20:03:59 fedora kernel: pcieport 0000:00:1c.3: DPC: enabled with IRQ 122
jun 23 20:03:59 fedora kernel: pcieport 0000:00:1c.3: DPC: error containment capabilities: Int Msg #0, RPExt+ PoisonedTLP+ SwTrigger+ RP PIO Log 4, DL_ActiveErr+
jun 23 20:03:59 fedora kernel: pcieport 0000:00:1c.4: PME: Signaling with IRQ 123
jun 23 20:03:59 fedora kernel: pcieport 0000:00:1c.4: AER: enabled with IRQ 123
jun 23 20:03:59 fedora kernel: pcieport 0000:00:1c.4: DPC: enabled with IRQ 123
jun 23 20:03:59 fedora kernel: pcieport 0000:00:1c.4: DPC: error containment capabilities: Int Msg #0, RPExt+ PoisonedTLP+ SwTrigger+ RP PIO Log 4, DL_ActiveErr+
jun 23 20:03:59 fedora kernel: input: Sleep Button as /devices/platform/PNP0C0E:00/input/input0
jun 23 20:03:59 fedora kernel: ACPI: button: Sleep Button [SLPB]
jun 23 20:03:59 fedora kernel: input: Power Button as /devices/platform/PNP0C0C:00/input/input1
jun 23 20:03:59 fedora kernel: ACPI: button: Power Button [PWRB]
jun 23 20:03:59 fedora kernel: input: Power Button as /devices/platform/LNXPWRBN:00/input/input2
jun 23 20:03:59 fedora kernel: ACPI: button: Power Button [PWRF]
jun 23 20:03:59 fedora kernel: acpi LNXTHERM:00: registered as thermal_zone0
jun 23 20:03:59 fedora kernel: ACPI: thermal: Thermal Zone [TZ00] (28 C)
jun 23 20:03:59 fedora kernel: Serial: 8250/16550 driver, 32 ports, IRQ sharing enabled
jun 23 20:03:59 fedora kernel: hpet_acpi_add: no address or irqs in _CRS
jun 23 20:03:59 fedora kernel: Non-volatile memory driver v1.3
jun 23 20:03:59 fedora kernel: Linux agpgart interface v0.103
jun 23 20:03:59 fedora kernel: ACPI: bus type drm_connector registered
jun 23 20:03:59 fedora kernel: CAN device driver interface
jun 23 20:03:59 fedora kernel: xhci_hcd 0000:00:14.0: xHCI Host Controller
jun 23 20:03:59 fedora kernel: xhci_hcd 0000:00:14.0: new USB bus registered, assigned bus number 1
jun 23 20:03:59 fedora kernel: xhci_hcd 0000:00:14.0: hcc params 0x20007fc1 hci version 0x110 quirks 0x0000000000009810
jun 23 20:03:59 fedora kernel: xhci_hcd 0000:00:14.0: xHCI Host Controller
jun 23 20:03:59 fedora kernel: xhci_hcd 0000:00:14.0: new USB bus registered, assigned bus number 2
jun 23 20:03:59 fedora kernel: xhci_hcd 0000:00:14.0: Host supports USB 3.1 Enhanced SuperSpeed
jun 23 20:03:59 fedora kernel: usb usb1: New USB device found, idVendor=1d6b, idProduct=0002, bcdDevice= 7.00
jun 23 20:03:59 fedora kernel: usb usb1: New USB device strings: Mfr=3, Product=2, SerialNumber=1
jun 23 20:03:59 fedora kernel: usb usb1: Product: xHCI Host Controller
jun 23 20:03:59 fedora kernel: usb usb1: Manufacturer: Linux 7.0.12-201.fc44.x86_64 xhci-hcd
jun 23 20:03:59 fedora kernel: usb usb1: SerialNumber: 0000:00:14.0
jun 23 20:03:59 fedora kernel: hub 1-0:1.0: USB hub found
jun 23 20:03:59 fedora kernel: hub 1-0:1.0: 8 ports detected
jun 23 20:03:59 fedora kernel: ACPI BIOS Error (bug): Could not resolve symbol [\_SB.UBTC.RUCC], AE_NOT_FOUND (20251212/psargs-332)
jun 23 20:03:59 fedora kernel: ACPI Error: Aborting method \_SB.PCI0.XHC.RHUB.HS01._PLD due to previous error (AE_NOT_FOUND) (20251212/psparse-529)
jun 23 20:03:59 fedora kernel: ACPI BIOS Error (bug): Could not resolve symbol [\_SB.UBTC.RUCC], AE_NOT_FOUND (20251212/psargs-332)
jun 23 20:03:59 fedora kernel: ACPI Error: Aborting method \_SB.PCI0.XHC.RHUB.HS01._UPC due to previous error (AE_NOT_FOUND) (20251212/psparse-529)
jun 23 20:03:59 fedora kernel: ACPI BIOS Error (bug): Could not resolve symbol [\_SB.UBTC.RUCC], AE_NOT_FOUND (20251212/psargs-332)
jun 23 20:03:59 fedora kernel: ACPI Error: Aborting method \_SB.PCI0.XHC.RHUB.HS01._PLD due to previous error (AE_NOT_FOUND) (20251212/psparse-529)
jun 23 20:03:59 fedora kernel: ACPI BIOS Error (bug): Could not resolve symbol [\_SB.UBTC.RUCC], AE_NOT_FOUND (20251212/psargs-332)
jun 23 20:03:59 fedora kernel: ACPI Error: Aborting method \_SB.PCI0.XHC.RHUB.HS02._PLD due to previous error (AE_NOT_FOUND) (20251212/psparse-529)
jun 23 20:03:59 fedora kernel: ACPI BIOS Error (bug): Could not resolve symbol [\_SB.UBTC.RUCC], AE_NOT_FOUND (20251212/psargs-332)
jun 23 20:03:59 fedora kernel: ACPI Error: Aborting method \_SB.PCI0.XHC.RHUB.HS02._UPC due to previous error (AE_NOT_FOUND) (20251212/psparse-529)
jun 23 20:03:59 fedora kernel: ACPI BIOS Error (bug): Could not resolve symbol [\_SB.UBTC.RUCC], AE_NOT_FOUND (20251212/psargs-332)
jun 23 20:03:59 fedora kernel: ACPI Error: Aborting method \_SB.PCI0.XHC.RHUB.HS02._PLD due to previous error (AE_NOT_FOUND) (20251212/psparse-529)
jun 23 20:03:59 fedora kernel: usb usb2: New USB device found, idVendor=1d6b, idProduct=0003, bcdDevice= 7.00
jun 23 20:03:59 fedora kernel: usb usb2: New USB device strings: Mfr=3, Product=2, SerialNumber=1
jun 23 20:03:59 fedora kernel: usb usb2: Product: xHCI Host Controller
jun 23 20:03:59 fedora kernel: usb usb2: Manufacturer: Linux 7.0.12-201.fc44.x86_64 xhci-hcd
jun 23 20:03:59 fedora kernel: usb usb2: SerialNumber: 0000:00:14.0
jun 23 20:03:59 fedora kernel: hub 2-0:1.0: USB hub found
jun 23 20:03:59 fedora kernel: hub 2-0:1.0: 6 ports detected
jun 23 20:03:59 fedora kernel: usbcore: registered new interface driver usbserial_generic
jun 23 20:03:59 fedora kernel: usbserial: USB Serial support registered for generic
jun 23 20:03:59 fedora kernel: i8042: PNP: No PS/2 controller found.
jun 23 20:03:59 fedora kernel: mousedev: PS/2 mouse device common for all mice
jun 23 20:03:59 fedora kernel: rtc_cmos rtc_cmos: RTC can wake from S4
jun 23 20:03:59 fedora kernel: rtc_cmos rtc_cmos: registered as rtc0
jun 23 20:03:59 fedora kernel: rtc_cmos rtc_cmos: setting system clock to 2026-06-23T23:03:59 UTC (1782255839)
jun 23 20:03:59 fedora kernel: rtc_cmos rtc_cmos: alarms up to one month, y3k, 114 bytes nvram
jun 23 20:03:59 fedora kernel: device-mapper: core: CONFIG_IMA_DISABLE_HTABLE is disabled. Duplicate IMA measurements will not be recorded in the IMA log.
jun 23 20:03:59 fedora kernel: device-mapper: uevent: version 1.0.3
jun 23 20:03:59 fedora kernel: device-mapper: ioctl: 4.50.0-ioctl (2025-04-28) initialised: dm-devel@lists.linux.dev
jun 23 20:03:59 fedora kernel: intel_pstate: Intel P-state driver initializing
jun 23 20:03:59 fedora kernel: intel_pstate: HWP enabled
jun 23 20:03:59 fedora kernel: simple-framebuffer simple-framebuffer.0: [drm:simpledrm_device_create.constprop.0] display mode={"": 60 124416 1920 1920 1920 1920 1080 1080 1080 1080 0x40 0x0}
jun 23 20:03:59 fedora kernel: simple-framebuffer simple-framebuffer.0: [drm:simpledrm_device_create.constprop.0] framebuffer format=XR24 little-endian (0x34325258), size=1920x1080, stride=7680 byte
jun 23 20:03:59 fedora kernel: simple-framebuffer simple-framebuffer.0: [drm:simpledrm_device_create.constprop.0] using I/O memory framebuffer at [mem 0x4000000000-0x40007e8fff flags 0x200]
jun 23 20:03:59 fedora kernel: simple-framebuffer simple-framebuffer.0: [drm:drm_sysfb_build_fourcc_list] adding native format XR24 little-endian (0x34325258)
jun 23 20:03:59 fedora kernel: simple-framebuffer simple-framebuffer.0: [drm:drm_sysfs_connector_add] [CONNECTOR:37:Unknown-1] adding connector to sysfs
jun 23 20:03:59 fedora kernel: simple-framebuffer simple-framebuffer.0: [drm:drm_sysfs_connector_hotplug_event] [CONNECTOR:37:Unknown-1] generating connector hotplug event
jun 23 20:03:59 fedora kernel: simple-framebuffer simple-framebuffer.0: [drm] Registered 1 planes with drm panic
jun 23 20:03:59 fedora kernel: [drm] Initialized simpledrm 1.0.0 for simple-framebuffer.0 on minor 0
jun 23 20:03:59 fedora kernel: simple-framebuffer simple-framebuffer.0: [drm:drm_client_modeset_probe] 
jun 23 20:03:59 fedora kernel: simple-framebuffer simple-framebuffer.0: [drm:drm_helper_probe_single_connector_modes] [CONNECTOR:37:Unknown-1]
jun 23 20:03:59 fedora kernel: simple-framebuffer simple-framebuffer.0: [drm:drm_helper_probe_single_connector_modes] [CONNECTOR:37:Unknown-1] status updated from unknown to connected
jun 23 20:03:59 fedora kernel: simple-framebuffer simple-framebuffer.0: [drm:drm_helper_probe_single_connector_modes] [CONNECTOR:37:Unknown-1] probed modes:
jun 23 20:03:59 fedora kernel: simple-framebuffer simple-framebuffer.0: [drm:drm_helper_probe_single_connector_modes] Probed mode: "1920x1080": 60 124416 1920 1920 1920 1920 1080 1080 1080 1080 0x48 0x0
jun 23 20:03:59 fedora kernel: simple-framebuffer simple-framebuffer.0: [drm:drm_client_modeset_probe] [CONNECTOR:37:Unknown-1] enabled? yes
jun 23 20:03:59 fedora kernel: simple-framebuffer simple-framebuffer.0: [drm:drm_client_firmware_config.isra.0] Not using firmware configuration
jun 23 20:03:59 fedora kernel: simple-framebuffer simple-framebuffer.0: [drm:drm_client_target_preferred.isra.0] [CONNECTOR:37:Unknown-1] found preferred mode: 1920x1080
jun 23 20:03:59 fedora kernel: simple-framebuffer simple-framebuffer.0: [drm:drm_client_modeset_probe] picking CRTCs for 4096x4096 config
jun 23 20:03:59 fedora kernel: simple-framebuffer simple-framebuffer.0: [drm:drm_client_modeset_probe] [CRTC:35:crtc-0] desired mode 1920x1080 set (0,0)
jun 23 20:03:59 fedora kernel: simple-framebuffer simple-framebuffer.0: [drm:__drm_fb_helper_find_sizes] test CRTC 0 primary plane
jun 23 20:03:59 fedora kernel: simple-framebuffer simple-framebuffer.0: [drm:drm_fbdev_shmem_driver_fbdev_probe] surface width(1920), height(1080) and bpp(32)
jun 23 20:03:59 fedora kernel: simple-framebuffer simple-framebuffer.0: [drm:drm_mode_addfb2] [FB:38]
jun 23 20:03:59 fedora kernel: fbcon: Deferring console take-over
jun 23 20:03:59 fedora kernel: simple-framebuffer simple-framebuffer.0: [drm] fb0: simpledrmdrmfb frame buffer device
jun 23 20:03:59 fedora kernel: hid: raw HID events driver (C) Jiri Kosina
jun 23 20:03:59 fedora kernel: usbcore: registered new interface driver usbhid
jun 23 20:03:59 fedora kernel: usbhid: USB HID core driver
jun 23 20:03:59 fedora kernel: drop_monitor: Initializing network drop monitor service
jun 23 20:03:59 fedora kernel: Initializing XFRM netlink socket
jun 23 20:03:59 fedora kernel: NET: Registered PF_INET6 protocol family
jun 23 20:03:59 fedora kernel: Segment Routing with IPv6
jun 23 20:03:59 fedora kernel: RPL Segment Routing with IPv6
jun 23 20:03:59 fedora kernel: In-situ OAM (IOAM) with IPv6
jun 23 20:03:59 fedora kernel: mip6: Mobile IPv6
jun 23 20:03:59 fedora kernel: NET: Registered PF_PACKET protocol family
jun 23 20:03:59 fedora kernel: can: controller area network core
jun 23 20:03:59 fedora kernel: NET: Registered PF_CAN protocol family
jun 23 20:03:59 fedora kernel: ENERGY_PERF_BIAS: Set to 'normal', was 'performance'
jun 23 20:03:59 fedora kernel: microcode: Current revision: 0x000000cc
jun 23 20:03:59 fedora kernel: microcode: Updated early from: 0x000000a4
jun 23 20:03:59 fedora kernel: IPI shorthand broadcast: enabled
jun 23 20:03:59 fedora kernel: sched_clock: Marking stable (508000916, 6515261)->(550658054, -36141877)
jun 23 20:03:59 fedora kernel: registered taskstats version 1
jun 23 20:03:59 fedora kernel: Loading compiled-in X.509 certificates
jun 23 20:03:59 fedora kernel: Loaded X.509 cert 'Fedora kernel signing key: 219946773eda9ab699c6caf34f3ce5e92d27e1fd'
jun 23 20:03:59 fedora kernel: Freeing initrd memory: 51608K
jun 23 20:03:59 fedora kernel: Loaded X.509 cert 'Fedora IMA CA: a8a00c31663f853f9c6ff2564872e378af026b28'
jun 23 20:03:59 fedora kernel: Demotion targets for Node 0: null
jun 23 20:03:59 fedora kernel: page_owner is disabled
jun 23 20:03:59 fedora kernel: Key type .fscrypt registered
jun 23 20:03:59 fedora kernel: Key type fscrypt-provisioning registered
jun 23 20:03:59 fedora kernel: Btrfs loaded, zoned=yes, fsverity=yes
jun 23 20:03:59 fedora kernel: Key type big_key registered
jun 23 20:03:59 fedora kernel: Key type encrypted registered
jun 23 20:03:59 fedora kernel: ima: No TPM chip found, activating TPM-bypass!
jun 23 20:03:59 fedora kernel: Loading compiled-in module X.509 certificates
jun 23 20:03:59 fedora kernel: Loaded X.509 cert 'Fedora kernel signing key: 219946773eda9ab699c6caf34f3ce5e92d27e1fd'
jun 23 20:03:59 fedora kernel: ima: Allocated hash algorithm: sha256
jun 23 20:03:59 fedora kernel: ima: No architecture policies found
jun 23 20:03:59 fedora kernel: evm: Initialising EVM extended attributes:
jun 23 20:03:59 fedora kernel: evm: security.selinux
jun 23 20:03:59 fedora kernel: evm: security.SMACK64 (disabled)
jun 23 20:03:59 fedora kernel: evm: security.SMACK64EXEC (disabled)
jun 23 20:03:59 fedora kernel: evm: security.SMACK64TRANSMUTE (disabled)
jun 23 20:03:59 fedora kernel: evm: security.SMACK64MMAP (disabled)
jun 23 20:03:59 fedora kernel: evm: security.apparmor (disabled)
jun 23 20:03:59 fedora kernel: evm: security.ima
jun 23 20:03:59 fedora kernel: evm: security.capability
jun 23 20:03:59 fedora kernel: evm: HMAC attrs: 0x1
jun 23 20:03:59 fedora kernel: integrity: Loading X.509 certificate: UEFI:db
jun 23 20:03:59 fedora kernel: integrity: Loaded X.509 cert 'Microsoft Corporation UEFI CA 2011: 13adbf4309bd82709c8cd54f316ed522988a1bd4'
jun 23 20:03:59 fedora kernel: integrity: Loading X.509 certificate: UEFI:db
jun 23 20:03:59 fedora kernel: integrity: Loaded X.509 cert 'Microsoft Windows Production PCA 2011: a92902398e16c49778cd90f99e4f9ae17c55af53'
jun 23 20:03:59 fedora kernel: integrity: Loading X.509 certificate: UEFI:db
jun 23 20:03:59 fedora kernel: integrity: Loaded X.509 cert 'Microsoft UEFI CA 2023: 81aa6b3244c935bce0d6628af39827421e32497d'
jun 23 20:03:59 fedora kernel: integrity: Loading X.509 certificate: UEFI:db
jun 23 20:03:59 fedora kernel: integrity: Loaded X.509 cert 'Microsoft Option ROM UEFI CA 2023: 514fbf937fa46fb57bf07af8bed84b3b864b1711'
jun 23 20:03:59 fedora kernel: alg: No test for 842 (842-scomp)
jun 23 20:03:59 fedora kernel: PM:   Magic number: 14:682:100
jun 23 20:03:59 fedora kernel: RAS: Correctable Errors collector initialized.
jun 23 20:03:59 fedora kernel: clk: Disabling unused clocks
jun 23 20:03:59 fedora kernel: PM: genpd: Disabling unused power domains
jun 23 20:03:59 fedora kernel: Freeing unused decrypted memory: 2028K
jun 23 20:03:59 fedora kernel: Freeing unused kernel image (initmem) memory: 5248K
jun 23 20:03:59 fedora kernel: Write protecting the kernel read-only data: 43008k
jun 23 20:03:59 fedora kernel: Freeing unused kernel image (text/rodata gap) memory: 524K
jun 23 20:03:59 fedora kernel: Freeing unused kernel image (rodata/data gap) memory: 484K
jun 23 20:03:59 fedora kernel: x86/mm: Checked W+X mappings: passed, no W+X pages found.
jun 23 20:03:59 fedora kernel: Run /init as init process
jun 23 20:03:59 fedora kernel:   with arguments:
jun 23 20:03:59 fedora kernel:     /init
jun 23 20:03:59 fedora kernel:     rhgb
jun 23 20:03:59 fedora kernel:   with environment:
jun 23 20:03:59 fedora kernel:     HOME=/
jun 23 20:03:59 fedora kernel:     TERM=linux
jun 23 20:03:59 fedora systemd[1]: Successfully made /usr/ read-only.
jun 23 20:03:59 fedora systemd[1]: systemd 259.6-1.fc44 running in system mode (+PAM +AUDIT +SELINUX -APPARMOR +IMA +IPE +SMACK +SECCOMP -GCRYPT +GNUTLS +OPENSSL +ACL +BLKID +CURL +ELFUTILS +FIDO2 +IDN2 -IDN +KMOD +LIBCRYPTSETUP +LIBCRYPTSETUP_PLUGINS +LIBFDISK +PCRE2 +PWQUALITY +P11KIT +QRENCODE +TPM2 +BZIP2 +LZ4 +XZ +ZLIB +ZSTD +BPF_FRAMEWORK +BTF +XKBCOMMON +UTMP +SYSVINIT +LIBARCHIVE)
jun 23 20:03:59 fedora systemd[1]: Detected architecture x86-64.
jun 23 20:03:59 fedora systemd[1]: Running in initrd.
jun 23 20:03:59 fedora systemd[1]: No hostname configured, using default hostname.
jun 23 20:03:59 fedora systemd[1]: Hostname set to <fedora>.
jun 23 20:03:59 fedora kernel: usb 1-1: new full-speed USB device number 2 using xhci_hcd
jun 23 20:03:59 fedora systemd[1]: bpf-restrict-fs: LSM BPF program attached
jun 23 20:03:59 fedora systemd[1]: /usr/lib/systemd/system/systemd-udevd.service:56: System call bpf cannot be resolved as libseccomp is not available, ignoring: Operation not supported
jun 23 20:03:59 fedora systemd[1]: Queued start job for default target initrd.target.
jun 23 20:03:59 fedora systemd[1]: Expecting device dev-disk-by\x2duuid-acf92abd\x2d0536\x2d4457\x2d9ead\x2d45af09dd62c7.device - /dev/disk/by-uuid/00000000-0000-0000-0000-000000000001...
jun 23 20:03:59 fedora systemd[1]: Reached target initrd-usr-fs.target - Initrd /usr File System.
jun 23 20:03:59 fedora systemd[1]: Reached target slices.target - Slice Units.
jun 23 20:03:59 fedora systemd[1]: Reached target swap.target - Swaps.
jun 23 20:03:59 fedora systemd[1]: Reached target timers.target - Timer Units.
jun 23 20:03:59 fedora systemd[1]: Listening on systemd-journald-dev-log.socket - Journal Socket (/dev/log).
jun 23 20:03:59 fedora systemd[1]: Listening on systemd-journald.socket - Journal Sockets.
jun 23 20:03:59 fedora systemd[1]: Listening on systemd-udevd-control.socket - udev Control Socket.
jun 23 20:03:59 fedora systemd[1]: Listening on systemd-udevd-kernel.socket - udev Kernel Socket.
jun 23 20:03:59 fedora systemd[1]: Reached target sockets.target - Socket Units.
jun 23 20:03:59 fedora kernel: pcieport 0000:00:1c.4: AER: Correctable error message received from 0000:00:1c.4
jun 23 20:03:59 fedora kernel: pcieport 0000:00:1c.4: PCIe Bus Error: severity=Correctable, type=Physical Layer, (Receiver ID)
jun 23 20:03:59 fedora kernel: pcieport 0000:00:1c.4:   device [8086:38bc] error status/mask=00000001/00002000
jun 23 20:03:59 fedora kernel: pcieport 0000:00:1c.4:    [ 0] RxErr                  (First)
jun 23 20:03:59 fedora systemd[1]: Starting kmod-static-nodes.service - Create List of Static Device Nodes...
jun 23 20:03:59 fedora systemd[1]: memstrack.service - Memstrack Anylazing Service skipped, no trigger condition checks were met.
jun 23 20:03:59 fedora systemd[1]: Starting systemd-journald.service - Journal Service...
jun 23 20:03:59 fedora systemd[1]: Starting systemd-modules-load.service - Load Kernel Modules...
jun 23 20:03:59 fedora systemd[1]: systemd-pcrphase-initrd.service - TPM PCR Barrier (initrd) skipped, unmet condition check ConditionSecurity=measured-uki
jun 23 20:03:59 fedora systemd[1]: Starting systemd-vconsole-setup.service - Virtual Console Setup...
jun 23 20:03:59 fedora systemd[1]: Finished kmod-static-nodes.service - Create List of Static Device Nodes.
jun 23 20:03:59 fedora systemd[1]: Starting systemd-tmpfiles-setup-dev-early.service - Create Static Device Nodes in /dev gracefully...
jun 23 20:03:59 fedora systemd-journald[238]: Collecting audit messages is disabled.
jun 23 20:03:59 fedora kernel: i2c_dev: i2c /dev entries driver
jun 23 20:03:59 fedora kernel: usb 1-1: New USB device found, idVendor=0bda, idProduct=b85b, bcdDevice= 0.00
jun 23 20:03:59 fedora kernel: usb 1-1: New USB device strings: Mfr=1, Product=2, SerialNumber=3
jun 23 20:03:59 fedora kernel: usb 1-1: Product: Bluetooth Radio
jun 23 20:03:59 fedora kernel: usb 1-1: Manufacturer: Realtek
jun 23 20:03:59 fedora kernel: usb 1-1: SerialNumber: 00e04c000001
jun 23 20:03:59 fedora kernel: ACPI BIOS Error (bug): Could not resolve symbol [\_SB.UBTC.RUCC], AE_NOT_FOUND (20251212/psargs-332)
jun 23 20:03:59 fedora kernel: ACPI Error: Aborting method \_SB.PCI0.XHC.RHUB.HS01._PLD due to previous error (AE_NOT_FOUND) (20251212/psparse-529)
jun 23 20:03:59 fedora kernel: ACPI BIOS Error (bug): Could not resolve symbol [\_SB.UBTC.RUCC], AE_NOT_FOUND (20251212/psargs-332)
jun 23 20:03:59 fedora kernel: ACPI Error: Aborting method \_SB.PCI0.XHC.RHUB.HS01._PLD due to previous error (AE_NOT_FOUND) (20251212/psparse-529)
jun 23 20:03:59 fedora kernel: ACPI BIOS Error (bug): Could not resolve symbol [\_SB.UBTC.RUCC], AE_NOT_FOUND (20251212/psargs-332)
jun 23 20:03:59 fedora kernel: ACPI Error: Aborting method \_SB.PCI0.XHC.RHUB.HS01._PLD due to previous error (AE_NOT_FOUND) (20251212/psparse-529)
jun 23 20:03:59 fedora systemd[1]: Finished systemd-tmpfiles-setup-dev-early.service - Create Static Device Nodes in /dev gracefully.
jun 23 20:03:59 fedora systemd[1]: Starting systemd-tmpfiles-setup-dev.service - Create Static Device Nodes in /dev...
jun 23 20:03:59 fedora kernel: fuse: init (API version 7.45)
jun 23 20:03:59 fedora systemd[1]: Finished systemd-modules-load.service - Load Kernel Modules.
jun 23 20:03:59 fedora systemd[1]: Starting systemd-sysctl.service - Apply Kernel Variables...
jun 23 20:03:59 fedora systemd[1]: Finished systemd-sysctl.service - Apply Kernel Variables.
jun 23 20:03:59 fedora systemd[1]: Finished systemd-tmpfiles-setup-dev.service - Create Static Device Nodes in /dev.
jun 23 20:03:59 fedora systemd[1]: Reached target local-fs-pre.target - Preparation for Local File Systems.
jun 23 20:03:59 fedora systemd[1]: Reached target local-fs.target - Local File Systems.
jun 23 20:03:59 fedora systemd[1]: Started systemd-journald.service - Journal Service.
jun 23 20:03:59 fedora kernel: pcieport 0000:00:1c.4: AER: Multiple Correctable error message received from 0000:00:1c.4
jun 23 20:03:59 fedora kernel: pcieport 0000:00:1c.4: PCIe Bus Error: severity=Correctable, type=Physical Layer, (Receiver ID)
jun 23 20:03:59 fedora kernel: pcieport 0000:00:1c.4:   device [8086:38bc] error status/mask=00000081/00002000
jun 23 20:03:59 fedora kernel: pcieport 0000:00:1c.4:    [ 0] RxErr                  (First)
jun 23 20:03:59 fedora kernel: pcieport 0000:00:1c.4:    [ 7] BadDLLP               
jun 23 20:03:59 fedora kernel: usb 2-3: new SuperSpeed USB device number 2 using xhci_hcd
jun 23 20:04:00 fedora kernel: usb 2-3: New USB device found, idVendor=2109, idProduct=0817, bcdDevice= 0.a3
jun 23 20:04:00 fedora kernel: usb 2-3: New USB device strings: Mfr=1, Product=2, SerialNumber=3
jun 23 20:04:00 fedora kernel: usb 2-3: Product: USB3.0 Hub             
jun 23 20:04:00 fedora kernel: usb 2-3: Manufacturer: VIA Labs, Inc.         
jun 23 20:04:00 fedora kernel: usb 2-3: SerialNumber: 000000000
jun 23 20:04:00 fedora kernel: hub 2-3:1.0: USB hub found
jun 23 20:04:00 fedora kernel: hub 2-3:1.0: 4 ports detected
jun 23 20:04:00 fedora kernel: pcieport 0000:00:1c.4: AER: Correctable error message received from 0000:00:1c.4
jun 23 20:04:00 fedora kernel: pcieport 0000:00:1c.4: PCIe Bus Error: severity=Correctable, type=Physical Layer, (Receiver ID)
jun 23 20:04:00 fedora kernel: pcieport 0000:00:1c.4:   device [8086:38bc] error status/mask=00000001/00002000
jun 23 20:04:00 fedora kernel: pcieport 0000:00:1c.4:    [ 0] RxErr                  (First)
jun 23 20:04:00 fedora kernel: usb 1-2: new full-speed USB device number 3 using xhci_hcd
jun 23 20:04:00 fedora kernel: pcieport 0000:00:1c.4: AER: Correctable error message received from 0000:00:1c.4
jun 23 20:04:00 fedora kernel: pcieport 0000:00:1c.4: PCIe Bus Error: severity=Correctable, type=Physical Layer, (Receiver ID)
jun 23 20:04:00 fedora kernel: pcieport 0000:00:1c.4:   device [8086:38bc] error status/mask=00000001/00002000
jun 23 20:04:00 fedora kernel: pcieport 0000:00:1c.4:    [ 0] RxErr                  (First)
jun 23 20:04:00 fedora kernel: simple-framebuffer simple-framebuffer.0: [drm:drm_mode_getconnector] User-space requested a forced probe on [CONNECTOR:37:Unknown-1] but is not the DRM master, demoting to read-only probe
jun 23 20:04:00 fedora kernel: simple-framebuffer simple-framebuffer.0: [drm:drm_mode_addfb2] [FB:39]
jun 23 20:04:00 fedora kernel: simple-framebuffer simple-framebuffer.0: [drm:drm_mode_addfb2] [FB:39]
jun 23 20:04:00 fedora kernel: simple-framebuffer simple-framebuffer.0: [drm:drm_mode_setcrtc] [CRTC:35:crtc-0]
jun 23 20:04:00 fedora kernel: simple-framebuffer simple-framebuffer.0: [drm:drm_mode_setcrtc] [CONNECTOR:37:Unknown-1]
jun 23 20:04:00 fedora kernel: simple-framebuffer simple-framebuffer.0: [drm:drm_atomic_state_init] Allocated atomic state 0000000083b548bc
jun 23 20:04:00 fedora kernel: simple-framebuffer simple-framebuffer.0: [drm:drm_atomic_get_crtc_state] Added [CRTC:35:crtc-0] 00000000b39ab548 state to 0000000083b548bc
jun 23 20:04:00 fedora kernel: simple-framebuffer simple-framebuffer.0: [drm:drm_atomic_get_plane_state] Added [PLANE:33:plane-0] 0000000098dec7bf state to 0000000083b548bc
jun 23 20:04:00 fedora kernel: simple-framebuffer simple-framebuffer.0: [drm:drm_atomic_set_mode_for_crtc] Set [MODE:1920x1080] for [CRTC:35:crtc-0] state 00000000b39ab548
jun 23 20:04:00 fedora kernel: simple-framebuffer simple-framebuffer.0: [drm:drm_atomic_set_crtc_for_plane] Link [PLANE:33:plane-0] state 0000000098dec7bf to [CRTC:35:crtc-0]
jun 23 20:04:00 fedora kernel: simple-framebuffer simple-framebuffer.0: [drm:drm_atomic_set_fb_for_plane] Set [FB:39] for [PLANE:33:plane-0] state 0000000098dec7bf
jun 23 20:04:00 fedora kernel: simple-framebuffer simple-framebuffer.0: [drm:drm_atomic_add_affected_connectors] Adding all current connectors for [CRTC:35:crtc-0] to 0000000083b548bc
jun 23 20:04:00 fedora kernel: simple-framebuffer simple-framebuffer.0: [drm:drm_atomic_get_connector_state] Added [CONNECTOR:37:Unknown-1] 00000000723ceeae state to 0000000083b548bc
jun 23 20:04:00 fedora kernel: simple-framebuffer simple-framebuffer.0: [drm:drm_atomic_set_crtc_for_connector] Link [CONNECTOR:37:Unknown-1] state 00000000723ceeae to [CRTC:35:crtc-0]
jun 23 20:04:00 fedora kernel: simple-framebuffer simple-framebuffer.0: [drm:drm_atomic_check_only] checking 0000000083b548bc
jun 23 20:04:00 fedora kernel: simple-framebuffer simple-framebuffer.0: [drm:drm_atomic_helper_check_modeset] [CRTC:35:crtc-0] mode changed
jun 23 20:04:00 fedora kernel: simple-framebuffer simple-framebuffer.0: [drm:drm_atomic_helper_check_modeset] [CRTC:35:crtc-0] enable changed
jun 23 20:04:00 fedora kernel: simple-framebuffer simple-framebuffer.0: [drm:drm_atomic_helper_check_modeset] [CRTC:35:crtc-0] active changed
jun 23 20:04:00 fedora kernel: simple-framebuffer simple-framebuffer.0: [drm:update_connector_routing] Updating routing for [CONNECTOR:37:Unknown-1]
jun 23 20:04:00 fedora kernel: simple-framebuffer simple-framebuffer.0: [drm:update_connector_routing] [CONNECTOR:37:Unknown-1] using [ENCODER:36:None-36] on [CRTC:35:crtc-0]
jun 23 20:04:00 fedora kernel: simple-framebuffer simple-framebuffer.0: [drm:drm_atomic_helper_check_modeset] [CRTC:35:crtc-0] needs all connectors, enable: y, active: y
jun 23 20:04:00 fedora kernel: simple-framebuffer simple-framebuffer.0: [drm:drm_atomic_add_affected_connectors] Adding all current connectors for [CRTC:35:crtc-0] to 0000000083b548bc
jun 23 20:04:00 fedora kernel: simple-framebuffer simple-framebuffer.0: [drm:drm_atomic_add_affected_planes] Adding all current planes for [CRTC:35:crtc-0] to 0000000083b548bc
jun 23 20:04:00 fedora kernel: simple-framebuffer simple-framebuffer.0: [drm:drm_atomic_add_encoder_bridges] Adding all bridges for [encoder:36:None-36] to 0000000083b548bc
jun 23 20:04:00 fedora kernel: simple-framebuffer simple-framebuffer.0: [drm:drm_atomic_commit] committing 0000000083b548bc
jun 23 20:04:00 fedora kernel: simple-framebuffer simple-framebuffer.0: [drm:drm_atomic_helper_commit_crtc_set_mode] modeset on [ENCODER:36:None-36]
jun 23 20:04:00 fedora kernel: simple-framebuffer simple-framebuffer.0: [drm:drm_atomic_helper_commit_crtc_enable] enabling [CRTC:35:crtc-0]
jun 23 20:04:00 fedora kernel: simple-framebuffer simple-framebuffer.0: [drm:drm_atomic_helper_commit_encoder_bridge_pre_enable] pre-enabling bridges [ENCODER:36:None-36]
jun 23 20:04:00 fedora kernel: simple-framebuffer simple-framebuffer.0: [drm:drm_atomic_helper_commit_encoder_bridge_enable] enabling [ENCODER:36:None-36]
jun 23 20:04:00 fedora kernel: simple-framebuffer simple-framebuffer.0: [drm:drm_atomic_state_default_clear] Clearing atomic state 0000000083b548bc
jun 23 20:04:00 fedora kernel: simple-framebuffer simple-framebuffer.0: [drm:__drm_atomic_state_free] Freeing atomic state 0000000083b548bc
jun 23 20:04:00 fedora kernel: simple-framebuffer simple-framebuffer.0: [drm:drm_atomic_state_init] Allocated atomic state 00000000d7163854
jun 23 20:04:00 fedora kernel: simple-framebuffer simple-framebuffer.0: [drm:drm_atomic_get_plane_state] Added [PLANE:33:plane-0] 0000000058db280c state to 00000000d7163854
jun 23 20:04:00 fedora kernel: simple-framebuffer simple-framebuffer.0: [drm:drm_atomic_get_crtc_state] Added [CRTC:35:crtc-0] 00000000f7c0fe81 state to 00000000d7163854
jun 23 20:04:00 fedora kernel: simple-framebuffer simple-framebuffer.0: [drm:drm_atomic_check_only] checking 00000000d7163854
jun 23 20:04:00 fedora kernel: simple-framebuffer simple-framebuffer.0: [drm:drm_atomic_commit] committing 00000000d7163854
jun 23 20:04:00 fedora kernel: simple-framebuffer simple-framebuffer.0: [drm:drm_atomic_state_default_clear] Clearing atomic state 00000000d7163854
jun 23 20:04:00 fedora kernel: simple-framebuffer simple-framebuffer.0: [drm:__drm_atomic_state_free] Freeing atomic state 00000000d7163854
jun 23 20:04:00 fedora kernel: simple-framebuffer simple-framebuffer.0: [drm:drm_atomic_state_init] Allocated atomic state 00000000d7163854
jun 23 20:04:00 fedora kernel: simple-framebuffer simple-framebuffer.0: [drm:drm_atomic_get_plane_state] Added [PLANE:33:plane-0] 0000000098dec7bf state to 00000000d7163854
jun 23 20:04:00 fedora kernel: simple-framebuffer simple-framebuffer.0: [drm:drm_atomic_get_crtc_state] Added [CRTC:35:crtc-0] 00000000b39ab548 state to 00000000d7163854
jun 23 20:04:00 fedora kernel: simple-framebuffer simple-framebuffer.0: [drm:drm_atomic_check_only] checking 00000000d7163854
jun 23 20:04:00 fedora kernel: simple-framebuffer simple-framebuffer.0: [drm:drm_atomic_commit] committing 00000000d7163854
jun 23 20:04:00 fedora kernel: simple-framebuffer simple-framebuffer.0: [drm:drm_atomic_state_default_clear] Clearing atomic state 00000000d7163854
jun 23 20:04:00 fedora kernel: simple-framebuffer simple-framebuffer.0: [drm:__drm_atomic_state_free] Freeing atomic state 00000000d7163854
jun 23 20:04:00 fedora kernel: simple-framebuffer simple-framebuffer.0: [drm:drm_atomic_state_init] Allocated atomic state 00000000b81769b2
jun 23 20:04:00 fedora kernel: simple-framebuffer simple-framebuffer.0: [drm:drm_atomic_get_plane_state] Added [PLANE:33:plane-0] 00000000fd164d14 state to 00000000b81769b2
jun 23 20:04:00 fedora kernel: simple-framebuffer simple-framebuffer.0: [drm:drm_atomic_get_crtc_state] Added [CRTC:35:crtc-0] 00000000fcc0695c state to 00000000b81769b2
jun 23 20:04:00 fedora kernel: simple-framebuffer simple-framebuffer.0: [drm:drm_atomic_check_only] checking 00000000b81769b2
jun 23 20:04:00 fedora kernel: simple-framebuffer simple-framebuffer.0: [drm:drm_atomic_commit] committing 00000000b81769b2
jun 23 20:04:00 fedora kernel: simple-framebuffer simple-framebuffer.0: [drm:drm_atomic_state_default_clear] Clearing atomic state 00000000b81769b2
jun 23 20:04:00 fedora kernel: simple-framebuffer simple-framebuffer.0: [drm:__drm_atomic_state_free] Freeing atomic state 00000000b81769b2
jun 23 20:04:00 fedora kernel: simple-framebuffer simple-framebuffer.0: [drm:drm_atomic_state_init] Allocated atomic state 00000000b81769b2
jun 23 20:04:00 fedora kernel: simple-framebuffer simple-framebuffer.0: [drm:drm_atomic_get_plane_state] Added [PLANE:33:plane-0] 0000000098dec7bf state to 00000000b81769b2
jun 23 20:04:00 fedora kernel: simple-framebuffer simple-framebuffer.0: [drm:drm_atomic_get_crtc_state] Added [CRTC:35:crtc-0] 00000000b39ab548 state to 00000000b81769b2
jun 23 20:04:00 fedora kernel: simple-framebuffer simple-framebuffer.0: [drm:drm_atomic_check_only] checking 00000000b81769b2
jun 23 20:04:00 fedora kernel: simple-framebuffer simple-framebuffer.0: [drm:drm_atomic_commit] committing 00000000b81769b2
jun 23 20:04:00 fedora kernel: simple-framebuffer simple-framebuffer.0: [drm:drm_atomic_state_default_clear] Clearing atomic state 00000000b81769b2
jun 23 20:04:00 fedora kernel: simple-framebuffer simple-framebuffer.0: [drm:__drm_atomic_state_free] Freeing atomic state 00000000b81769b2
jun 23 20:04:00 fedora kernel: simple-framebuffer simple-framebuffer.0: [drm:drm_atomic_state_init] Allocated atomic state 00000000b81769b2
jun 23 20:04:00 fedora kernel: simple-framebuffer simple-framebuffer.0: [drm:drm_atomic_get_plane_state] Added [PLANE:33:plane-0] 00000000fd164d14 state to 00000000b81769b2
jun 23 20:04:00 fedora kernel: simple-framebuffer simple-framebuffer.0: [drm:drm_atomic_get_crtc_state] Added [CRTC:35:crtc-0] 00000000fcc0695c state to 00000000b81769b2
jun 23 20:04:00 fedora kernel: simple-framebuffer simple-framebuffer.0: [drm:drm_atomic_check_only] checking 00000000b81769b2
jun 23 20:04:00 fedora kernel: simple-framebuffer simple-framebuffer.0: [drm:drm_atomic_commit] committing 00000000b81769b2
jun 23 20:04:00 fedora kernel: Key type psk registered
jun 23 20:04:00 fedora kernel: simple-framebuffer simple-framebuffer.0: [drm:drm_atomic_state_default_clear] Clearing atomic state 00000000b81769b2
jun 23 20:04:00 fedora kernel: simple-framebuffer simple-framebuffer.0: [drm:__drm_atomic_state_free] Freeing atomic state 00000000b81769b2
jun 23 20:04:00 fedora kernel: nvme nvme1: pci function 0000:04:00.0
jun 23 20:04:00 fedora kernel: nvme nvme0: pci function 0000:02:00.0
jun 23 20:04:00 fedora kernel: nvme nvme1: missing or invalid SUBNQN field.
jun 23 20:04:00 fedora kernel: simple-framebuffer simple-framebuffer.0: [drm:drm_atomic_state_init] Allocated atomic state 0000000050809943
jun 23 20:04:00 fedora kernel: simple-framebuffer simple-framebuffer.0: [drm:drm_atomic_get_plane_state] Added [PLANE:33:plane-0] 000000007bf9f385 state to 0000000050809943
jun 23 20:04:00 fedora kernel: simple-framebuffer simple-framebuffer.0: [drm:drm_atomic_get_crtc_state] Added [CRTC:35:crtc-0] 0000000093038d4a state to 0000000050809943
jun 23 20:04:00 fedora kernel: simple-framebuffer simple-framebuffer.0: [drm:drm_atomic_check_only] checking 0000000050809943
jun 23 20:04:00 fedora kernel: simple-framebuffer simple-framebuffer.0: [drm:drm_atomic_commit] committing 0000000050809943
jun 23 20:04:00 fedora kernel: simple-framebuffer simple-framebuffer.0: [drm:drm_atomic_state_default_clear] Clearing atomic state 0000000050809943
jun 23 20:04:00 fedora kernel: simple-framebuffer simple-framebuffer.0: [drm:__drm_atomic_state_free] Freeing atomic state 0000000050809943
jun 23 20:04:00 fedora kernel: pcieport 0000:00:1c.4: AER: Correctable error message received from 0000:00:1c.4
jun 23 20:04:00 fedora kernel: pcieport 0000:00:1c.4: PCIe Bus Error: severity=Correctable, type=Physical Layer, (Receiver ID)
jun 23 20:04:00 fedora kernel: pcieport 0000:00:1c.4:   device [8086:38bc] error status/mask=00000001/00002000
jun 23 20:04:00 fedora kernel: pcieport 0000:00:1c.4:    [ 0] RxErr                  (First)
jun 23 20:04:00 fedora kernel: nvme nvme1: allocated 16 MiB host memory buffer (4 segments).
jun 23 20:04:00 fedora kernel: nvme nvme1: 8/0/0 default/read/poll queues
jun 23 20:04:00 fedora kernel: pcieport 0000:00:1c.4: AER: Correctable error message received from 0000:00:1c.4
jun 23 20:04:00 fedora kernel: pcieport 0000:00:1c.4: PCIe Bus Error: severity=Correctable, type=Physical Layer, (Receiver ID)
jun 23 20:04:00 fedora kernel: pcieport 0000:00:1c.4:   device [8086:38bc] error status/mask=00000001/00002000
jun 23 20:04:00 fedora kernel: pcieport 0000:00:1c.4:    [ 0] RxErr                  (First)
jun 23 20:04:00 fedora kernel: nvme nvme1: Ignoring bogus Namespace Identifiers
jun 23 20:04:00 fedora kernel:  nvme1n1: p1 p2 p3
jun 23 20:04:00 fedora kernel: nvme nvme0: allocated 64 MiB host memory buffer (16 segments).
jun 23 20:04:00 fedora kernel: simple-framebuffer simple-framebuffer.0: [drm:drm_atomic_state_init] Allocated atomic state 00000000b81769b2
jun 23 20:04:00 fedora kernel: simple-framebuffer simple-framebuffer.0: [drm:drm_atomic_get_plane_state] Added [PLANE:33:plane-0] 0000000098dec7bf state to 00000000b81769b2
jun 23 20:04:00 fedora kernel: simple-framebuffer simple-framebuffer.0: [drm:drm_atomic_get_crtc_state] Added [CRTC:35:crtc-0] 00000000b39ab548 state to 00000000b81769b2
jun 23 20:04:00 fedora kernel: simple-framebuffer simple-framebuffer.0: [drm:drm_atomic_check_only] checking 00000000b81769b2
jun 23 20:04:00 fedora kernel: simple-framebuffer simple-framebuffer.0: [drm:drm_atomic_commit] committing 00000000b81769b2
jun 23 20:04:00 fedora kernel: simple-framebuffer simple-framebuffer.0: [drm:drm_atomic_state_default_clear] Clearing atomic state 00000000b81769b2
jun 23 20:04:00 fedora kernel: simple-framebuffer simple-framebuffer.0: [drm:__drm_atomic_state_free] Freeing atomic state 00000000b81769b2
jun 23 20:04:00 fedora kernel: nvme nvme0: 8/0/0 default/read/poll queues
jun 23 20:04:00 fedora kernel:  nvme0n1:
jun 23 20:04:00 fedora kernel: simple-framebuffer simple-framebuffer.0: [drm:drm_atomic_state_init] Allocated atomic state 0000000037237167
jun 23 20:04:00 fedora kernel: simple-framebuffer simple-framebuffer.0: [drm:drm_atomic_get_plane_state] Added [PLANE:33:plane-0] 000000007db7d500 state to 0000000037237167
jun 23 20:04:00 fedora kernel: simple-framebuffer simple-framebuffer.0: [drm:drm_atomic_get_crtc_state] Added [CRTC:35:crtc-0] 00000000ea2d34b9 state to 0000000037237167
jun 23 20:04:00 fedora kernel: simple-framebuffer simple-framebuffer.0: [drm:drm_atomic_check_only] checking 0000000037237167
jun 23 20:04:00 fedora kernel: simple-framebuffer simple-framebuffer.0: [drm:drm_atomic_commit] committing 0000000037237167
jun 23 20:04:00 fedora kernel: simple-framebuffer simple-framebuffer.0: [drm:drm_atomic_state_default_clear] Clearing atomic state 0000000037237167
jun 23 20:04:00 fedora kernel: simple-framebuffer simple-framebuffer.0: [drm:__drm_atomic_state_free] Freeing atomic state 0000000037237167
jun 23 20:04:00 fedora kernel: simple-framebuffer simple-framebuffer.0: [drm:drm_atomic_state_init] Allocated atomic state 00000000b81769b2
jun 23 20:04:00 fedora kernel: simple-framebuffer simple-framebuffer.0: [drm:drm_atomic_get_plane_state] Added [PLANE:33:plane-0] 000000007bf9f385 state to 00000000b81769b2
jun 23 20:04:00 fedora kernel: simple-framebuffer simple-framebuffer.0: [drm:drm_atomic_get_crtc_state] Added [CRTC:35:crtc-0] 0000000093038d4a state to 00000000b81769b2
jun 23 20:04:00 fedora kernel: simple-framebuffer simple-framebuffer.0: [drm:drm_atomic_check_only] checking 00000000b81769b2
jun 23 20:04:00 fedora kernel: simple-framebuffer simple-framebuffer.0: [drm:drm_atomic_commit] committing 00000000b81769b2
jun 23 20:04:00 fedora kernel: simple-framebuffer simple-framebuffer.0: [drm:drm_atomic_state_default_clear] Clearing atomic state 00000000b81769b2
jun 23 20:04:00 fedora kernel: simple-framebuffer simple-framebuffer.0: [drm:__drm_atomic_state_free] Freeing atomic state 00000000b81769b2
jun 23 20:04:00 fedora kernel: simple-framebuffer simple-framebuffer.0: [drm:drm_atomic_state_init] Allocated atomic state 00000000b81769b2
jun 23 20:04:00 fedora kernel: simple-framebuffer simple-framebuffer.0: [drm:drm_atomic_get_plane_state] Added [PLANE:33:plane-0] 000000007db7d500 state to 00000000b81769b2
jun 23 20:04:00 fedora kernel: simple-framebuffer simple-framebuffer.0: [drm:drm_atomic_get_crtc_state] Added [CRTC:35:crtc-0] 00000000ea2d34b9 state to 00000000b81769b2
jun 23 20:04:00 fedora kernel: simple-framebuffer simple-framebuffer.0: [drm:drm_atomic_check_only] checking 00000000b81769b2
jun 23 20:04:00 fedora kernel: simple-framebuffer simple-framebuffer.0: [drm:drm_atomic_commit] committing 00000000b81769b2
jun 23 20:04:00 fedora kernel: simple-framebuffer simple-framebuffer.0: [drm:drm_atomic_state_default_clear] Clearing atomic state 00000000b81769b2
jun 23 20:04:00 fedora kernel: simple-framebuffer simple-framebuffer.0: [drm:__drm_atomic_state_free] Freeing atomic state 00000000b81769b2
jun 23 20:04:00 fedora kernel: simple-framebuffer simple-framebuffer.0: [drm:drm_atomic_state_init] Allocated atomic state 00000000b81769b2
jun 23 20:04:00 fedora kernel: simple-framebuffer simple-framebuffer.0: [drm:drm_atomic_get_plane_state] Added [PLANE:33:plane-0] 000000007bf9f385 state to 00000000b81769b2
jun 23 20:04:00 fedora kernel: simple-framebuffer simple-framebuffer.0: [drm:drm_atomic_get_crtc_state] Added [CRTC:35:crtc-0] 0000000093038d4a state to 00000000b81769b2
jun 23 20:04:00 fedora kernel: simple-framebuffer simple-framebuffer.0: [drm:drm_atomic_check_only] checking 00000000b81769b2
jun 23 20:04:00 fedora kernel: simple-framebuffer simple-framebuffer.0: [drm:drm_atomic_commit] committing 00000000b81769b2
jun 23 20:04:00 fedora kernel: simple-framebuffer simple-framebuffer.0: [drm:drm_atomic_state_default_clear] Clearing atomic state 00000000b81769b2
jun 23 20:04:00 fedora kernel: simple-framebuffer simple-framebuffer.0: [drm:__drm_atomic_state_free] Freeing atomic state 00000000b81769b2
jun 23 20:04:00 fedora kernel: simple-framebuffer simple-framebuffer.0: [drm:drm_atomic_state_init] Allocated atomic state 00000000b81769b2
jun 23 20:04:00 fedora kernel: simple-framebuffer simple-framebuffer.0: [drm:drm_atomic_get_plane_state] Added [PLANE:33:plane-0] 000000007db7d500 state to 00000000b81769b2
jun 23 20:04:00 fedora kernel: simple-framebuffer simple-framebuffer.0: [drm:drm_atomic_get_crtc_state] Added [CRTC:35:crtc-0] 00000000ea2d34b9 state to 00000000b81769b2
jun 23 20:04:00 fedora kernel: simple-framebuffer simple-framebuffer.0: [drm:drm_atomic_check_only] checking 00000000b81769b2
jun 23 20:04:00 fedora kernel: simple-framebuffer simple-framebuffer.0: [drm:drm_atomic_commit] committing 00000000b81769b2
jun 23 20:04:00 fedora kernel: simple-framebuffer simple-framebuffer.0: [drm:drm_atomic_state_default_clear] Clearing atomic state 00000000b81769b2
jun 23 20:04:00 fedora kernel: simple-framebuffer simple-framebuffer.0: [drm:__drm_atomic_state_free] Freeing atomic state 00000000b81769b2
jun 23 20:04:00 fedora kernel: simple-framebuffer simple-framebuffer.0: [drm:drm_atomic_state_init] Allocated atomic state 00000000b81769b2
jun 23 20:04:00 fedora kernel: simple-framebuffer simple-framebuffer.0: [drm:drm_atomic_get_plane_state] Added [PLANE:33:plane-0] 000000007bf9f385 state to 00000000b81769b2
jun 23 20:04:00 fedora kernel: simple-framebuffer simple-framebuffer.0: [drm:drm_atomic_get_crtc_state] Added [CRTC:35:crtc-0] 0000000093038d4a state to 00000000b81769b2
jun 23 20:04:00 fedora kernel: simple-framebuffer simple-framebuffer.0: [drm:drm_atomic_check_only] checking 00000000b81769b2
jun 23 20:04:00 fedora kernel: simple-framebuffer simple-framebuffer.0: [drm:drm_atomic_commit] committing 00000000b81769b2
jun 23 20:04:00 fedora kernel: simple-framebuffer simple-framebuffer.0: [drm:drm_atomic_state_default_clear] Clearing atomic state 00000000b81769b2
jun 23 20:04:00 fedora kernel: simple-framebuffer simple-framebuffer.0: [drm:__drm_atomic_state_free] Freeing atomic state 00000000b81769b2
jun 23 20:04:00 fedora kernel: usb 1-2: New USB device found, idVendor=1b3f, idProduct=2008, bcdDevice= 1.00
jun 23 20:04:00 fedora kernel: usb 1-2: New USB device strings: Mfr=1, Product=2, SerialNumber=0
jun 23 20:04:00 fedora kernel: usb 1-2: Product: USB Audio Device
jun 23 20:04:00 fedora kernel: usb 1-2: Manufacturer: GeneralPlus
jun 23 20:04:00 fedora kernel: ACPI BIOS Error (bug): Could not resolve symbol [\_SB.UBTC.RUCC], AE_NOT_FOUND (20251212/psargs-332)
jun 23 20:04:00 fedora kernel: ACPI Error: Aborting method \_SB.PCI0.XHC.RHUB.HS02._PLD due to previous error (AE_NOT_FOUND) (20251212/psparse-529)
jun 23 20:04:00 fedora kernel: ACPI BIOS Error (bug): Could not resolve symbol [\_SB.UBTC.RUCC], AE_NOT_FOUND (20251212/psargs-332)
jun 23 20:04:00 fedora kernel: ACPI Error: Aborting method \_SB.PCI0.XHC.RHUB.HS02._PLD due to previous error (AE_NOT_FOUND) (20251212/psparse-529)
jun 23 20:04:00 fedora kernel: ACPI BIOS Error (bug): Could not resolve symbol [\_SB.UBTC.RUCC], AE_NOT_FOUND (20251212/psargs-332)
jun 23 20:04:00 fedora kernel: ACPI Error: Aborting method \_SB.PCI0.XHC.RHUB.HS02._PLD due to previous error (AE_NOT_FOUND) (20251212/psparse-529)
jun 23 20:04:00 fedora kernel: ACPI BIOS Error (bug): Could not resolve symbol [\_SB.UBTC.RUCC], AE_NOT_FOUND (20251212/psargs-332)
jun 23 20:04:00 fedora kernel: ACPI Error: Aborting method \_SB.PCI0.XHC.RHUB.HS02._PLD due to previous error (AE_NOT_FOUND) (20251212/psparse-529)
jun 23 20:04:00 fedora kernel: ACPI BIOS Error (bug): Could not resolve symbol [\_SB.UBTC.RUCC], AE_NOT_FOUND (20251212/psargs-332)
jun 23 20:04:00 fedora kernel: ACPI Error: Aborting method \_SB.PCI0.XHC.RHUB.HS02._PLD due to previous error (AE_NOT_FOUND) (20251212/psparse-529)
jun 23 20:04:00 fedora kernel: ACPI BIOS Error (bug): Could not resolve symbol [\_SB.UBTC.RUCC], AE_NOT_FOUND (20251212/psargs-332)
jun 23 20:04:00 fedora kernel: ACPI Error: Aborting method \_SB.PCI0.XHC.RHUB.HS02._PLD due to previous error (AE_NOT_FOUND) (20251212/psparse-529)
jun 23 20:04:00 fedora kernel: input: GeneralPlus USB Audio Device as /devices/pci0000:00/0000:00:14.0/usb1/1-2/1-2:1.3/0003:1B3F:2008.0001/input/input3
jun 23 20:04:00 fedora kernel: simple-framebuffer simple-framebuffer.0: [drm:drm_atomic_state_init] Allocated atomic state 0000000037237167
jun 23 20:04:00 fedora kernel: simple-framebuffer simple-framebuffer.0: [drm:drm_atomic_get_plane_state] Added [PLANE:33:plane-0] 0000000098dec7bf state to 0000000037237167
jun 23 20:04:00 fedora kernel: simple-framebuffer simple-framebuffer.0: [drm:drm_atomic_get_crtc_state] Added [CRTC:35:crtc-0] 00000000b39ab548 state to 0000000037237167
jun 23 20:04:00 fedora kernel: simple-framebuffer simple-framebuffer.0: [drm:drm_atomic_check_only] checking 0000000037237167
jun 23 20:04:00 fedora kernel: simple-framebuffer simple-framebuffer.0: [drm:drm_atomic_commit] committing 0000000037237167
jun 23 20:04:00 fedora kernel: pcieport 0000:00:1c.4: AER: Correctable error message received from 0000:00:1c.4
jun 23 20:04:00 fedora kernel: pcieport 0000:00:1c.4: PCIe Bus Error: severity=Correctable, type=Physical Layer, (Receiver ID)
jun 23 20:04:00 fedora kernel: pcieport 0000:00:1c.4:   device [8086:38bc] error status/mask=00000001/00002000
jun 23 20:04:00 fedora kernel: pcieport 0000:00:1c.4:    [ 0] RxErr                  (First)
jun 23 20:04:00 fedora kernel: simple-framebuffer simple-framebuffer.0: [drm:drm_atomic_state_default_clear] Clearing atomic state 0000000037237167
jun 23 20:04:00 fedora kernel: simple-framebuffer simple-framebuffer.0: [drm:__drm_atomic_state_free] Freeing atomic state 0000000037237167
